newman

Marvel APIs

❏ Pepper-GS32 / Yield Curves
↳ Get all yield curves - validate each self link
  ┌
  │ '🔐 AUTH_BASIC_HEADER generado en environment'
  │ '🌎 COUNTRY: BR'
  │ '🧰 Helpers cargados: assertBase, assertListMeta, asse
  │ rtItemsSendRequest, assertCatalogItem, assertSensitivi
  │ ty, assertTradableSecurityList, validateYieldCurveLink
  │ '
  └
  GET https://api.brasil.mercap.com.ar/yield-curves [200 OK, 3.95kB, 598ms]
  ✓  Response is received
  ✓  Status code is 200
  ✓  Response contains 'items' array with at least one element
  ✓  No fields are null
  ✓  Item 1 (Brasil - Titulos Privados - C.R.A.s - Taxa Variavel - BRL - ANBIMA) contains expected properties
  ✓  Item 1 (Brasil - Titulos Privados - C.R.A.s - Taxa Variavel - BRL - ANBIMA) 'name' is a non-empty string
  ✓  Item 1 (Brasil - Titulos Privados - C.R.A.s - Taxa Variavel - BRL - ANBIMA) links contain valid URLs
  ✓  Item 2 (Brasil - Titulos Privados - C.R.I.s - Taxa Variavel - BRL - ANBIMA) contains expected properties
  ✓  Item 2 (Brasil - Titulos Privados - C.R.I.s - Taxa Variavel - BRL - ANBIMA) 'name' is a non-empty string
  ✓  Item 2 (Brasil - Titulos Privados - C.R.I.s - Taxa Variavel - BRL - ANBIMA) links contain valid URLs
  ✓  Item 3 (Brasil - Titulos Privados - Debentures - Taxa Variavel - BRL - ANBIMA) contains expected properties
  ✓  Item 3 (Brasil - Titulos Privados - Debentures - Taxa Variavel - BRL - ANBIMA) 'name' is a non-empty string
  ✓  Item 3 (Brasil - Titulos Privados - Debentures - Taxa Variavel - BRL - ANBIMA) links contain valid URLs
  ✓  Item 4 (Brasil - Titulos Publicos - LTN - BRL - ANBIMA) contains expected properties
  ✓  Item 4 (Brasil - Titulos Publicos - LTN - BRL - ANBIMA) 'name' is a non-empty string
  ✓  Item 4 (Brasil - Titulos Publicos - LTN - BRL - ANBIMA) links contain valid URLs
  ✓  Item 5 (Brasil - Titulos Publicos - NTN-B - BRL	- ANBIMA) contains expected properties
  ✓  Item 5 (Brasil - Titulos Publicos - NTN-B - BRL	- ANBIMA) 'name' is a non-empty string
  ✓  Item 5 (Brasil - Titulos Publicos - NTN-B - BRL	- ANBIMA) links contain valid URLs
  ✓  Item 6 (Brasil - Titulos Publicos - NTN-F - BRL) contains expected properties
  ✓  Item 6 (Brasil - Titulos Publicos - NTN-F - BRL) 'name' is a non-empty string
  ✓  Item 6 (Brasil - Titulos Publicos - NTN-F - BRL) links contain valid URLs
  ✓  Todas las curvas devueltas tienen items Postman de validacion (self-link y metrics)

❏ Pepper-GS32 / Yield Curves / Argentina
↳ Validate yield curve - Argentina - BCRA - BOPREALs - USD

↳ Validate yield curve metrics - Argentina - BCRA - BOPREALs - USD

↳ Validate yield curve - Argentina - Corporativos - Alimentos - USD

↳ Validate yield curve metrics - Argentina - Corporativos - Alimentos - USD

↳ Validate yield curve - Argentina - Corporativos - Bancos Comerciales - Tasa TAMAR

↳ Validate yield curve metrics - Argentina - Corporativos - Bancos Comerciales - Tasa TAMAR

↳ Validate yield curve - Argentina - Corporativos - Bancos Comerciales - USD

↳ Validate yield curve metrics - Argentina - Corporativos - Bancos Comerciales - USD

↳ Validate yield curve - Argentina - Corporativos - Desarrollo y Admin. de Bienes Inmobiliarios - USD

↳ Validate yield curve metrics - Argentina - Corporativos - Desarrollo y Admin. de Bienes Inmobiliarios - USD

↳ Validate yield curve - Argentina - Corporativos - Metales y Mineria - USD

↳ Validate yield curve metrics - Argentina - Corporativos - Metales y Mineria - USD

↳ Validate yield curve - Argentina - Corporativos - ONs Dollar Linked cero cupon - ARS

↳ Validate yield curve metrics - Argentina - Corporativos - ONs Dollar Linked cero cupon - ARS

↳ Validate yield curve - Argentina - Corporativos - ONs Dollar Linked con cupones - ARS

↳ Validate yield curve metrics - Argentina - Corporativos - ONs Dollar Linked con cupones - ARS

↳ Validate yield curve - Argentina - Corporativos - ONs en UVA - ARS

↳ Validate yield curve metrics - Argentina - Corporativos - ONs en UVA - ARS

↳ Validate yield curve - Argentina - Corporativos - ONs Ley Argentina - USD en Argentina

↳ Validate yield curve metrics - Argentina - Corporativos - ONs Ley Argentina - USD en Argentina

↳ Validate yield curve - Argentina - Corporativos - ONs Ley Argentina - USD en el Exterior

↳ Validate yield curve metrics - Argentina - Corporativos - ONs Ley Argentina - USD en el Exterior

↳ Validate yield curve - Argentina - Corporativos - ONs Ley Extranjera - USD

↳ Validate yield curve metrics - Argentina - Corporativos - ONs Ley Extranjera - USD

↳ Validate yield curve - Argentina - Corporativos - ONs TAMAR - ARS

↳ Validate yield curve metrics - Argentina - Corporativos - ONs TAMAR - ARS

↳ Validate yield curve - Argentina - Corporativos - Petroleo, Gas y Combustibles - USD

↳ Validate yield curve metrics - Argentina - Corporativos - Petroleo, Gas y Combustibles - USD

↳ Validate yield curve - Argentina - Corporativos - Productos Quimicos - USD

↳ Validate yield curve metrics - Argentina - Corporativos - Productos Quimicos - USD

↳ Validate yield curve - Argentina - Corporativos - Servicios de Telecomunicaciones Diversos - USD

↳ Validate yield curve metrics - Argentina - Corporativos - Servicios de Telecomunicaciones Diversos - USD

↳ Validate yield curve - Argentina - Corporativos - Servicios Financieros Personales - USD

↳ Validate yield curve metrics - Argentina - Corporativos - Servicios Financieros Personales - USD

↳ Validate yield curve - Argentina - Corporativos - Suministro Electrico - USD

↳ Validate yield curve metrics - Argentina - Corporativos - Suministro Electrico - USD

↳ Validate yield curve - Argentina - Corporativos - Transportes - USD

↳ Validate yield curve metrics - Argentina - Corporativos - Transportes - USD

↳ Validate yield curve - Argentina - Soberanos - Bonos del Tesoro Capitalizables BONCAP - ARS

↳ Validate yield curve metrics - Argentina - Soberanos - Bonos del Tesoro Capitalizables BONCAP - ARS

↳ Validate yield curve - Argentina - Soberanos - Dollar Linked - USD

↳ Validate yield curve metrics - Argentina - Soberanos - Dollar Linked - USD

↳ Validate yield curve - Argentina - Soberanos - Letras del Tesoro (LECER) - ARS

↳ Validate yield curve metrics - Argentina - Soberanos - Letras del Tesoro (LECER) - ARS

↳ Validate yield curve - Argentina - Soberanos - Letras del Tesoro Capitalizables (LECAP) - ARS

↳ Validate yield curve metrics - Argentina - Soberanos - Letras del Tesoro Capitalizables (LECAP) - ARS

↳ Validate yield curve - Argentina - Soberanos - Letras del Tesoro vinculadas al u$s (LELINK) - ARS

↳ Validate yield curve metrics - Argentina - Soberanos - Letras del Tesoro vinculadas al u$s (LELINK) - ARS

↳ Validate yield curve - Argentina - Soberanos - Ley Argentina - USD

↳ Validate yield curve metrics - Argentina - Soberanos - Ley Argentina - USD

↳ Validate yield curve - Argentina - Soberanos - Ley Extranjera - USD

↳ Validate yield curve metrics - Argentina - Soberanos - Ley Extranjera - USD

↳ Validate yield curve - Argentina - Soberanos - Tasa Fija + CER - ARS

↳ Validate yield curve metrics - Argentina - Soberanos - Tasa Fija + CER - ARS

↳ Validate yield curve - Argentina - Soberanos - Tasa Fija - ARS

↳ Validate yield curve metrics - Argentina - Soberanos - Tasa Fija - ARS

↳ Validate yield curve - Argentina - Soberanos - Tasa Flotante - ARS

↳ Validate yield curve metrics - Argentina - Soberanos - Tasa Flotante - ARS

↳ Validate yield curve - Argentina - SubSoberanos - Tasa fija + CER - ARS

↳ Validate yield curve metrics - Argentina - SubSoberanos - Tasa fija + CER - ARS

↳ Validate yield curve - Argentina - SubSoberanos - Tasa Fija - USD

↳ Validate yield curve metrics - Argentina - SubSoberanos - Tasa Fija - USD

↳ Validate yield curve - Argentina - SubSoberanos - Tasa Flotante - ARS

↳ Validate yield curve metrics - Argentina - SubSoberanos - Tasa Flotante - ARS

↳ Validate yield curve - Brasil - Soberanos - Bonos Globales - USD

↳ Validate yield curve metrics - Brasil - Soberanos - Bonos Globales - USD

↳ Validate yield curve - Chile - Soberanos - Bonos Globales - USD

↳ Validate yield curve metrics - Chile - Soberanos - Bonos Globales - USD

↳ Validate yield curve - Colombia - Soberanos - Bonos Globales - USD

↳ Validate yield curve metrics - Colombia - Soberanos - Bonos Globales - USD

↳ Validate yield curve - Estados Unidos - Soberanos - Treasury Notes/Bonds - USD

↳ Validate yield curve metrics - Estados Unidos - Soberanos - Treasury Notes/Bonds - USD

↳ Validate yield curve - Mexico - Soberanos - Bonos Globales - USD

↳ Validate yield curve metrics - Mexico - Soberanos - Bonos Globales - USD

↳ Validate yield curve - Paraguay - Soberanos - Bonos Globales - USD

↳ Validate yield curve metrics - Paraguay - Soberanos - Bonos Globales - USD

↳ Validate yield curve - Argentina - SubSoberanos - Letras del Tesoro - ARS

↳ Validate yield curve metrics - Argentina - SubSoberanos - Letras del Tesoro - ARS

❏ Pepper-GS32 / Yield Curves / Brasil
↳ Validate yield curve - Brasil - Titulos Privados - C.R.A.s - Taxa Fixa - BRL

↳ Validate yield curve metrics - Brasil - Titulos Privados - C.R.A.s - Taxa Fixa - BRL

↳ Validate yield curve - Brasil - Titulos Privados - C.R.A.s - Taxa Variavel - BRL - ANBIMA
  GET https://api.brasil.mercap.com.ar/yield-curves/cb12d532-3579-4477-a420-a7722846de3a [200 OK, 1.28kB, 411ms]
  ✓  Validate yield curve - Brasil - Titulos Privados - C.R.A.s - Taxa Variavel - BRL - ANBIMA returns 200

↳ Validate yield curve metrics - Brasil - Titulos Privados - C.R.A.s - Taxa Variavel - BRL - ANBIMA
  GET https://api.brasil.mercap.com.ar/yield-curves/cb12d532-3579-4477-a420-a7722846de3a/metrics [200 OK, 9.04kB, 5.8s]
  ✓  Validate yield curve metrics - Brasil - Titulos Privados - C.R.A.s - Taxa Variavel - BRL - ANBIMA returns 200

↳ Validate yield curve - Brasil - Titulos Privados - C.R.I.s - Taxa Fixa - BRL

↳ Validate yield curve metrics - Brasil - Titulos Privados - C.R.I.s - Taxa Fixa - BRL

↳ Validate yield curve - Brasil - Titulos Privados - C.R.I.s - Taxa Variavel - BRL - ANBIMA
  GET https://api.brasil.mercap.com.ar/yield-curves/e1974aef-9243-40aa-8909-41b18bc5806f [200 OK, 1.27kB, 319ms]
  ✓  Validate yield curve - Brasil - Titulos Privados - C.R.I.s - Taxa Variavel - BRL - ANBIMA returns 200

↳ Validate yield curve metrics - Brasil - Titulos Privados - C.R.I.s - Taxa Variavel - BRL - ANBIMA
  GET https://api.brasil.mercap.com.ar/yield-curves/e1974aef-9243-40aa-8909-41b18bc5806f/metrics [200 OK, 9.04kB, 3.8s]
  ✓  Validate yield curve metrics - Brasil - Titulos Privados - C.R.I.s - Taxa Variavel - BRL - ANBIMA returns 200

↳ Validate yield curve - Brasil - Titulos Privados - Debentures - Aguas e Saneamiento - BRL

↳ Validate yield curve metrics - Brasil - Titulos Privados - Debentures - Aguas e Saneamiento - BRL

↳ Validate yield curve - Brasil - Titulos Privados - Debentures - Concessoes - BRL

↳ Validate yield curve metrics - Brasil - Titulos Privados - Debentures - Concessoes - BRL

↳ Validate yield curve - Brasil - Titulos Privados - Debentures - Energia - BRL

↳ Validate yield curve metrics - Brasil - Titulos Privados - Debentures - Energia - BRL

↳ Validate yield curve - Brasil - Titulos Privados - Debentures - Metais - BRL

↳ Validate yield curve metrics - Brasil - Titulos Privados - Debentures - Metais - BRL

↳ Validate yield curve - Brasil - Titulos Privados - Debentures - Taxa Variavel - BRL - ANBIMA
  GET https://api.brasil.mercap.com.ar/yield-curves/fad521ae-93c1-4ec2-9917-f35cf5bd868d [200 OK, 1.28kB, 1078ms]
  ✓  Validate yield curve - Brasil - Titulos Privados - Debentures - Taxa Variavel - BRL - ANBIMA returns 200

↳ Validate yield curve metrics - Brasil - Titulos Privados - Debentures - Taxa Variavel - BRL - ANBIMA
  GET https://api.brasil.mercap.com.ar/yield-curves/fad521ae-93c1-4ec2-9917-f35cf5bd868d/metrics [200 OK, 20.03kB, 10.1s]
  ✓  Validate yield curve metrics - Brasil - Titulos Privados - Debentures - Taxa Variavel - BRL - ANBIMA returns 200

↳ Validate yield curve - Brasil - Titulos Privados - Debentures - Transporte e Logistica - BRL

↳ Validate yield curve metrics - Brasil - Titulos Privados - Debentures - Transporte e Logistica - BRL

↳ Validate yield curve - Brasil - Titulos Publicos - LTN - BRL - ANBIMA
  GET https://api.brasil.mercap.com.ar/yield-curves/e06ece86-f627-49e5-9643-d85e0cc4e487 [200 OK, 1.25kB, 218ms]
  ✓  Validate yield curve - Brasil - Titulos Publicos - LTN - BRL - ANBIMA returns 200

↳ Validate yield curve metrics - Brasil - Titulos Publicos - LTN - BRL - ANBIMA
  GET https://api.brasil.mercap.com.ar/yield-curves/e06ece86-f627-49e5-9643-d85e0cc4e487/metrics [200 OK, 4.38kB, 1769ms]
  ✓  Validate yield curve metrics - Brasil - Titulos Publicos - LTN - BRL - ANBIMA returns 200

↳ Validate yield curve - Brasil - Titulos Publicos - NTN-B - BRL	- ANBIMA
  GET https://api.brasil.mercap.com.ar/yield-curves/c600e136-4bc4-4a2f-935a-b0509789f431 [200 OK, 1.26kB, 721ms]
  ✓  Validate yield curve - Brasil - Titulos Publicos - NTN-B - BRL	- ANBIMA returns 200

↳ Validate yield curve metrics - Brasil - Titulos Publicos - NTN-B - BRL	- ANBIMA
  GET https://api.brasil.mercap.com.ar/yield-curves/c600e136-4bc4-4a2f-935a-b0509789f431/metrics [200 OK, 11.79kB, 5.5s]
  ✓  Validate yield curve metrics - Brasil - Titulos Publicos - NTN-B - BRL	- ANBIMA returns 200

↳ Validate yield curve - Brasil - Titulos Publicos - NTN-F - BRL
  GET https://api.brasil.mercap.com.ar/yield-curves/f5510395-c441-4cc5-9603-8e9f8128c621 [200 OK, 1.24kB, 257ms]
  ✓  Validate yield curve - Brasil - Titulos Publicos - NTN-F - BRL returns 200

↳ Validate yield curve metrics - Brasil - Titulos Publicos - NTN-F - BRL
  GET https://api.brasil.mercap.com.ar/yield-curves/f5510395-c441-4cc5-9603-8e9f8128c621/metrics [200 OK, 5.34kB, 2.3s]
  ✓  Validate yield curve metrics - Brasil - Titulos Publicos - NTN-F - BRL returns 200

┌─────────────────────────┬────────────────────┬───────────────────┐
│                         │           executed │            failed │
├─────────────────────────┼────────────────────┼───────────────────┤
│              iterations │                  1 │                 0 │
├─────────────────────────┼────────────────────┼───────────────────┤
│                requests │                 13 │                 0 │
├─────────────────────────┼────────────────────┼───────────────────┤
│            test-scripts │                 26 │                 0 │
├─────────────────────────┼────────────────────┼───────────────────┤
│      prerequest-scripts │                315 │                 0 │
├─────────────────────────┼────────────────────┼───────────────────┤
│              assertions │                 35 │                 0 │
├─────────────────────────┴────────────────────┴───────────────────┤
│ total run duration: 2m 20.4s                                     │
├──────────────────────────────────────────────────────────────────┤
│ total data received: 61.51kB (approx)                            │
├──────────────────────────────────────────────────────────────────┤
│ average response time: 2.5s [min: 218ms, max: 10.1s, s.d.: 2.9s] │
└──────────────────────────────────────────────────────────────────┘
