newman

Marvel APIs

❏ Pepper-GS32 / Yield Curves
↳ Get all yield curves - validate each self link
  ┌
  │ '🔐 AUTH_BASIC_HEADER generado en environment'
  │ '🌎 COUNTRY: AR'
  │ '🧰 Helpers cargados: assertBase, assertListMeta, asse
  │ rtItemsSendRequest, assertCatalogItem, assertSensitivi
  │ ty, assertTradableSecurityList, validateYieldCurveLink
  │ '
  └
  GET https://api.mercapabbaco.com/yield-curves [200 OK, 20.28kB, 847ms]
  ✓  Response is received
  ✓  Status code is 200
  ✓  Response contains 'items' array with at least one element
  ✓  No fields are null
  ✓  Item 1 (Argentina - BCRA - BOPREALs - USD) contains expected properties
  ✓  Item 1 (Argentina - BCRA - BOPREALs - USD) 'name' is a non-empty string
  ✓  Item 1 (Argentina - BCRA - BOPREALs - USD) links contain valid URLs
  ✓  Item 2 (Argentina - Corporativos - Alimentos - USD	) contains expected properties
  ✓  Item 2 (Argentina - Corporativos - Alimentos - USD	) 'name' is a non-empty string
  ✓  Item 2 (Argentina - Corporativos - Alimentos - USD	) links contain valid URLs
  ✓  Item 3 (Argentina - Corporativos - Bancos Comerciales - Tasa TAMAR	) contains expected properties
  ✓  Item 3 (Argentina - Corporativos - Bancos Comerciales - Tasa TAMAR	) 'name' is a non-empty string
  ✓  Item 3 (Argentina - Corporativos - Bancos Comerciales - Tasa TAMAR	) links contain valid URLs
  ✓  Item 4 (Argentina - Corporativos - Bancos Comerciales - USD	) contains expected properties
  ✓  Item 4 (Argentina - Corporativos - Bancos Comerciales - USD	) 'name' is a non-empty string
  ✓  Item 4 (Argentina - Corporativos - Bancos Comerciales - USD	) links contain valid URLs
  ✓  Item 5 (Argentina - Corporativos - Desarrollo y Admin. de Bienes Inmobiliarios - USD	) contains expected properties
  ✓  Item 5 (Argentina - Corporativos - Desarrollo y Admin. de Bienes Inmobiliarios - USD	) 'name' is a non-empty string
  ✓  Item 5 (Argentina - Corporativos - Desarrollo y Admin. de Bienes Inmobiliarios - USD	) links contain valid URLs
  ✓  Item 6 (Argentina - Corporativos - Metales y Mineria - USD	) contains expected properties
  ✓  Item 6 (Argentina - Corporativos - Metales y Mineria - USD	) 'name' is a non-empty string
  ✓  Item 6 (Argentina - Corporativos - Metales y Mineria - USD	) links contain valid URLs
  ✓  Item 7 (Argentina - Corporativos - ONs Dollar Linked cero cupon - ARS) contains expected properties
  ✓  Item 7 (Argentina - Corporativos - ONs Dollar Linked cero cupon - ARS) 'name' is a non-empty string
  ✓  Item 7 (Argentina - Corporativos - ONs Dollar Linked cero cupon - ARS) links contain valid URLs
  ✓  Item 8 (Argentina - Corporativos - ONs Dollar Linked con cupones - ARS) contains expected properties
  ✓  Item 8 (Argentina - Corporativos - ONs Dollar Linked con cupones - ARS) 'name' is a non-empty string
  ✓  Item 8 (Argentina - Corporativos - ONs Dollar Linked con cupones - ARS) links contain valid URLs
  ✓  Item 9 (Argentina - Corporativos - ONs Ley Argentina - USD en Argentina) contains expected properties
  ✓  Item 9 (Argentina - Corporativos - ONs Ley Argentina - USD en Argentina) 'name' is a non-empty string
  ✓  Item 9 (Argentina - Corporativos - ONs Ley Argentina - USD en Argentina) links contain valid URLs
  ✓  Item 10 (Argentina - Corporativos - ONs Ley Argentina - USD en el Exterior) contains expected properties
  ✓  Item 10 (Argentina - Corporativos - ONs Ley Argentina - USD en el Exterior) 'name' is a non-empty string
  ✓  Item 10 (Argentina - Corporativos - ONs Ley Argentina - USD en el Exterior) links contain valid URLs
  ✓  Item 11 (Argentina - Corporativos - ONs Ley Extranjera - USD) contains expected properties
  ✓  Item 11 (Argentina - Corporativos - ONs Ley Extranjera - USD) 'name' is a non-empty string
  ✓  Item 11 (Argentina - Corporativos - ONs Ley Extranjera - USD) links contain valid URLs
  ✓  Item 12 (Argentina - Corporativos - ONs TAMAR - ARS) contains expected properties
  ✓  Item 12 (Argentina - Corporativos - ONs TAMAR - ARS) 'name' is a non-empty string
  ✓  Item 12 (Argentina - Corporativos - ONs TAMAR - ARS) links contain valid URLs
  ✓  Item 13 (Argentina - Corporativos - Petroleo, Gas y Combustibles - USD	) contains expected properties
  ✓  Item 13 (Argentina - Corporativos - Petroleo, Gas y Combustibles - USD	) 'name' is a non-empty string
  ✓  Item 13 (Argentina - Corporativos - Petroleo, Gas y Combustibles - USD	) links contain valid URLs
  ✓  Item 14 (Argentina - Corporativos - Productos Quimicos - USD	) contains expected properties
  ✓  Item 14 (Argentina - Corporativos - Productos Quimicos - USD	) 'name' is a non-empty string
  ✓  Item 14 (Argentina - Corporativos - Productos Quimicos - USD	) links contain valid URLs
  ✓  Item 15 (Argentina - Corporativos - Servicios de Telecomunicaciones Diversos - USD	) contains expected properties
  ✓  Item 15 (Argentina - Corporativos - Servicios de Telecomunicaciones Diversos - USD	) 'name' is a non-empty string
  ✓  Item 15 (Argentina - Corporativos - Servicios de Telecomunicaciones Diversos - USD	) links contain valid URLs
  ✓  Item 16 (Argentina - Corporativos - Servicios Financieros Personales - USD	) contains expected properties
  ✓  Item 16 (Argentina - Corporativos - Servicios Financieros Personales - USD	) 'name' is a non-empty string
  ✓  Item 16 (Argentina - Corporativos - Servicios Financieros Personales - USD	) links contain valid URLs
  ✓  Item 17 (Argentina - Corporativos - Suministro Electrico - USD	) contains expected properties
  ✓  Item 17 (Argentina - Corporativos - Suministro Electrico - USD	) 'name' is a non-empty string
  ✓  Item 17 (Argentina - Corporativos - Suministro Electrico - USD	) links contain valid URLs
  ✓  Item 18 (Argentina - Corporativos - Transportes - USD	) contains expected properties
  ✓  Item 18 (Argentina - Corporativos - Transportes - USD	) 'name' is a non-empty string
  ✓  Item 18 (Argentina - Corporativos - Transportes - USD	) links contain valid URLs
  ✓  Item 19 (Argentina - Soberanos - Bonos del Tesoro Capitalizables BONCAP - ARS) contains expected properties
  ✓  Item 19 (Argentina - Soberanos - Bonos del Tesoro Capitalizables BONCAP - ARS) 'name' is a non-empty string
  ✓  Item 19 (Argentina - Soberanos - Bonos del Tesoro Capitalizables BONCAP - ARS) links contain valid URLs
  ✓  Item 20 (Argentina - Soberanos - Dollar Linked - USD) contains expected properties
  ✓  Item 20 (Argentina - Soberanos - Dollar Linked - USD) 'name' is a non-empty string
  ✓  Item 20 (Argentina - Soberanos - Dollar Linked - USD) links contain valid URLs
  ✓  Item 21 (Argentina - Soberanos - Letras del Tesoro (LECER) - ARS ) contains expected properties
  ✓  Item 21 (Argentina - Soberanos - Letras del Tesoro (LECER) - ARS ) 'name' is a non-empty string
  ✓  Item 21 (Argentina - Soberanos - Letras del Tesoro (LECER) - ARS ) links contain valid URLs
  ✓  Item 22 (Argentina - Soberanos - Letras del Tesoro Capitalizables (LECAP) - ARS) contains expected properties
  ✓  Item 22 (Argentina - Soberanos - Letras del Tesoro Capitalizables (LECAP) - ARS) 'name' is a non-empty string
  ✓  Item 22 (Argentina - Soberanos - Letras del Tesoro Capitalizables (LECAP) - ARS) links contain valid URLs
  ✓  Item 23 (Argentina - Soberanos - Letras del Tesoro vinculadas al u$s (LELINK) - ARS) contains expected properties
  ✓  Item 23 (Argentina - Soberanos - Letras del Tesoro vinculadas al u$s (LELINK) - ARS) 'name' is a non-empty string
  ✓  Item 23 (Argentina - Soberanos - Letras del Tesoro vinculadas al u$s (LELINK) - ARS) links contain valid URLs
  ✓  Item 24 (Argentina - Soberanos - Ley Argentina - USD ) contains expected properties
  ✓  Item 24 (Argentina - Soberanos - Ley Argentina - USD ) 'name' is a non-empty string
  ✓  Item 24 (Argentina - Soberanos - Ley Argentina - USD ) links contain valid URLs
  ✓  Item 25 (Argentina - Soberanos - Ley Extranjera - USD) contains expected properties
  ✓  Item 25 (Argentina - Soberanos - Ley Extranjera - USD) 'name' is a non-empty string
  ✓  Item 25 (Argentina - Soberanos - Ley Extranjera - USD) links contain valid URLs
  ✓  Item 26 (Argentina - Soberanos - Tasa Fija + CER - ARS) contains expected properties
  ✓  Item 26 (Argentina - Soberanos - Tasa Fija + CER - ARS) 'name' is a non-empty string
  ✓  Item 26 (Argentina - Soberanos - Tasa Fija + CER - ARS) links contain valid URLs
  ✓  Item 27 (Argentina - Soberanos - Tasa Fija - ARS) contains expected properties
  ✓  Item 27 (Argentina - Soberanos - Tasa Fija - ARS) 'name' is a non-empty string
  ✓  Item 27 (Argentina - Soberanos - Tasa Fija - ARS) links contain valid URLs
  ✓  Item 28 (Argentina - Soberanos - Tasa Flotante - ARS) contains expected properties
  ✓  Item 28 (Argentina - Soberanos - Tasa Flotante - ARS) 'name' is a non-empty string
  ✓  Item 28 (Argentina - Soberanos - Tasa Flotante - ARS) links contain valid URLs
  ✓  Item 29 (Argentina - SubSoberanos - Letras del Tesoro - ARS) contains expected properties
  ✓  Item 29 (Argentina - SubSoberanos - Letras del Tesoro - ARS) 'name' is a non-empty string
  ✓  Item 29 (Argentina - SubSoberanos - Letras del Tesoro - ARS) links contain valid URLs
  ✓  Item 30 (Argentina - SubSoberanos - Tasa fija + CER - ARS) contains expected properties
  ✓  Item 30 (Argentina - SubSoberanos - Tasa fija + CER - ARS) 'name' is a non-empty string
  ✓  Item 30 (Argentina - SubSoberanos - Tasa fija + CER - ARS) links contain valid URLs
  ✓  Item 31 (Argentina - SubSoberanos - Tasa Fija - USD) contains expected properties
  ✓  Item 31 (Argentina - SubSoberanos - Tasa Fija - USD) 'name' is a non-empty string
  ✓  Item 31 (Argentina - SubSoberanos - Tasa Fija - USD) links contain valid URLs
  ✓  Item 32 (Argentina - SubSoberanos - Tasa Flotante - ARS) contains expected properties
  ✓  Item 32 (Argentina - SubSoberanos - Tasa Flotante - ARS) 'name' is a non-empty string
  ✓  Item 32 (Argentina - SubSoberanos - Tasa Flotante - ARS) links contain valid URLs
  ✓  Item 33 (Brasil - Soberanos - Bonos Globales - USD) contains expected properties
  ✓  Item 33 (Brasil - Soberanos - Bonos Globales - USD) 'name' is a non-empty string
  ✓  Item 33 (Brasil - Soberanos - Bonos Globales - USD) links contain valid URLs
  ✓  Item 34 (Chile - Soberanos - Bonos Globales - USD) contains expected properties
  ✓  Item 34 (Chile - Soberanos - Bonos Globales - USD) 'name' is a non-empty string
  ✓  Item 34 (Chile - Soberanos - Bonos Globales - USD) links contain valid URLs
  ✓  Item 35 (Colombia - Soberanos - Bonos Globales - USD	) contains expected properties
  ✓  Item 35 (Colombia - Soberanos - Bonos Globales - USD	) 'name' is a non-empty string
  ✓  Item 35 (Colombia - Soberanos - Bonos Globales - USD	) links contain valid URLs
  ✓  Item 36 (Estados Unidos - Soberanos - Treasury Notes/Bonds - USD) contains expected properties
  ✓  Item 36 (Estados Unidos - Soberanos - Treasury Notes/Bonds - USD) 'name' is a non-empty string
  ✓  Item 36 (Estados Unidos - Soberanos - Treasury Notes/Bonds - USD) links contain valid URLs
  ✓  Item 37 (Mexico - Soberanos - Bonos Globales - USD) contains expected properties
  ✓  Item 37 (Mexico - Soberanos - Bonos Globales - USD) 'name' is a non-empty string
  ✓  Item 37 (Mexico - Soberanos - Bonos Globales - USD) links contain valid URLs
  ✓  Item 38 (Paraguay - Soberanos - Bonos Globales - USD) contains expected properties
  ✓  Item 38 (Paraguay - Soberanos - Bonos Globales - USD) 'name' is a non-empty string
  ✓  Item 38 (Paraguay - Soberanos - Bonos Globales - USD) links contain valid URLs
  ✓  Todas las curvas devueltas tienen items Postman de validacion (self-link y metrics)

❏ Pepper-GS32 / Yield Curves / Argentina
↳ Validate yield curve - Argentina - BCRA - BOPREALs - USD
  GET https://api.mercapabbaco.com/yield-curves/c7955d2f-7731-43c4-80ec-fd70662ec57f [200 OK, 1.27kB, 299ms]
  ✓  Validate yield curve - Argentina - BCRA - BOPREALs - USD returns 200

↳ Validate yield curve metrics - Argentina - BCRA - BOPREALs - USD
  GET https://api.mercapabbaco.com/yield-curves/c7955d2f-7731-43c4-80ec-fd70662ec57f/metrics [200 OK, 8.33kB, 3.3s]
  ✓  Validate yield curve metrics - Argentina - BCRA - BOPREALs - USD returns 200

↳ Validate yield curve - Argentina - Corporativos - Alimentos - USD
  GET https://api.mercapabbaco.com/yield-curves/fefe3e07-ef73-491d-836e-6295a611487e [200 OK, 1.28kB, 329ms]
  ✓  Validate yield curve - Argentina - Corporativos - Alimentos - USD returns 200

↳ Validate yield curve metrics - Argentina - Corporativos - Alimentos - USD
  GET https://api.mercapabbaco.com/yield-curves/fefe3e07-ef73-491d-836e-6295a611487e/metrics [200 OK, 10.81kB, 2.6s]
  ✓  Validate yield curve metrics - Argentina - Corporativos - Alimentos - USD returns 200

↳ Validate yield curve - Argentina - Corporativos - Bancos Comerciales - Tasa TAMAR
  GET https://api.mercapabbaco.com/yield-curves/b14671bb-771e-43be-a110-e22fa5f1181b [200 OK, 1.3kB, 469ms]
  ✓  Validate yield curve - Argentina - Corporativos - Bancos Comerciales - Tasa TAMAR returns 200

↳ Validate yield curve metrics - Argentina - Corporativos - Bancos Comerciales - Tasa TAMAR
  GET https://api.mercapabbaco.com/yield-curves/b14671bb-771e-43be-a110-e22fa5f1181b/metrics [200 OK, 5.43kB, 3.2s]
  ✓  Validate yield curve metrics - Argentina - Corporativos - Bancos Comerciales - Tasa TAMAR returns 200

↳ Validate yield curve - Argentina - Corporativos - Bancos Comerciales - USD
  GET https://api.mercapabbaco.com/yield-curves/3eb6de95-31e7-4e1f-9f72-e59a49e7a246 [200 OK, 1.3kB, 243ms]
  ✓  Validate yield curve - Argentina - Corporativos - Bancos Comerciales - USD returns 200

↳ Validate yield curve metrics - Argentina - Corporativos - Bancos Comerciales - USD
  GET https://api.mercapabbaco.com/yield-curves/3eb6de95-31e7-4e1f-9f72-e59a49e7a246/metrics [200 OK, 25.77kB, 9.1s]
  ✓  Validate yield curve metrics - Argentina - Corporativos - Bancos Comerciales - USD returns 200

↳ Validate yield curve - Argentina - Corporativos - Desarrollo y Admin. de Bienes Inmobiliarios - USD
  GET https://api.mercapabbaco.com/yield-curves/9c5949e1-fc58-4755-bbd1-149b880df9f3 [200 OK, 1.32kB, 241ms]
  ✓  Validate yield curve - Argentina - Corporativos - Desarrollo y Admin. de Bienes Inmobiliarios - USD returns 200

↳ Validate yield curve metrics - Argentina - Corporativos - Desarrollo y Admin. de Bienes Inmobiliarios - USD
  GET https://api.mercapabbaco.com/yield-curves/9c5949e1-fc58-4755-bbd1-149b880df9f3/metrics [200 OK, 8.31kB, 3.1s]
  ✓  Validate yield curve metrics - Argentina - Corporativos - Desarrollo y Admin. de Bienes Inmobiliarios - USD returns 200

↳ Validate yield curve - Argentina - Corporativos - Metales y Mineria - USD
  GET https://api.mercapabbaco.com/yield-curves/9a0416e2-c4b3-4010-9480-41100aa00612 [200 OK, 1.29kB, 166ms]
  ✓  Validate yield curve - Argentina - Corporativos - Metales y Mineria - USD returns 200

↳ Validate yield curve metrics - Argentina - Corporativos - Metales y Mineria - USD
  GET https://api.mercapabbaco.com/yield-curves/9a0416e2-c4b3-4010-9480-41100aa00612/metrics [200 OK, 4.55kB, 1044ms]
  ✓  Validate yield curve metrics - Argentina - Corporativos - Metales y Mineria - USD returns 200

↳ Validate yield curve - Argentina - Corporativos - ONs Dollar Linked cero cupon - ARS
  GET https://api.mercapabbaco.com/yield-curves/067f21ab-6ee5-480a-8983-eae81a9905f9 [200 OK, 1.3kB, 199ms]
  ✓  Validate yield curve - Argentina - Corporativos - ONs Dollar Linked cero cupon - ARS returns 200

↳ Validate yield curve metrics - Argentina - Corporativos - ONs Dollar Linked cero cupon - ARS
  GET https://api.mercapabbaco.com/yield-curves/067f21ab-6ee5-480a-8983-eae81a9905f9/metrics [200 OK, 5.81kB, 9.6s]
  ✓  Validate yield curve metrics - Argentina - Corporativos - ONs Dollar Linked cero cupon - ARS returns 200

↳ Validate yield curve - Argentina - Corporativos - ONs Dollar Linked con cupones - ARS
  GET https://api.mercapabbaco.com/yield-curves/827b8d5e-06ae-43cb-ad7e-bfda0f85c1ba [200 OK, 1.3kB, 281ms]
  ✓  Validate yield curve - Argentina - Corporativos - ONs Dollar Linked con cupones - ARS returns 200

↳ Validate yield curve metrics - Argentina - Corporativos - ONs Dollar Linked con cupones - ARS
  GET https://api.mercapabbaco.com/yield-curves/827b8d5e-06ae-43cb-ad7e-bfda0f85c1ba/metrics [200 OK, 20.85kB, 4.4s]
  ✓  Validate yield curve metrics - Argentina - Corporativos - ONs Dollar Linked con cupones - ARS returns 200

↳ Validate yield curve - Argentina - Corporativos - ONs en UVA - ARS

↳ Validate yield curve metrics - Argentina - Corporativos - ONs en UVA - ARS

↳ Validate yield curve - Argentina - Corporativos - ONs Ley Argentina - USD en Argentina
  GET https://api.mercapabbaco.com/yield-curves/592b2907-1322-490b-88e9-b4b8f9eb3560 [200 OK, 1.3kB, 500ms]
  ✓  Validate yield curve - Argentina - Corporativos - ONs Ley Argentina - USD en Argentina returns 200

↳ Validate yield curve metrics - Argentina - Corporativos - ONs Ley Argentina - USD en Argentina
  GET https://api.mercapabbaco.com/yield-curves/592b2907-1322-490b-88e9-b4b8f9eb3560/metrics [200 OK, 212.23kB, 332ms]
  ✓  Validate yield curve metrics - Argentina - Corporativos - ONs Ley Argentina - USD en Argentina returns 200

↳ Validate yield curve - Argentina - Corporativos - ONs Ley Argentina - USD en el Exterior
  GET https://api.mercapabbaco.com/yield-curves/0817836d-c512-4b66-a048-0aa6346020f3 [200 OK, 1.3kB, 521ms]
  ✓  Validate yield curve - Argentina - Corporativos - ONs Ley Argentina - USD en el Exterior returns 200

↳ Validate yield curve metrics - Argentina - Corporativos - ONs Ley Argentina - USD en el Exterior
  GET https://api.mercapabbaco.com/yield-curves/0817836d-c512-4b66-a048-0aa6346020f3/metrics [200 OK, 5.81kB, 4s]
  ✓  Validate yield curve metrics - Argentina - Corporativos - ONs Ley Argentina - USD en el Exterior returns 200

↳ Validate yield curve - Argentina - Corporativos - ONs Ley Extranjera - USD
  GET https://api.mercapabbaco.com/yield-curves/45ef3a43-28cc-4878-9329-cbed2dacc258 [200 OK, 1.3kB, 242ms]
  ✓  Validate yield curve - Argentina - Corporativos - ONs Ley Extranjera - USD returns 200

↳ Validate yield curve metrics - Argentina - Corporativos - ONs Ley Extranjera - USD
  GET https://api.mercapabbaco.com/yield-curves/45ef3a43-28cc-4878-9329-cbed2dacc258/metrics [200 OK, 53.4kB, 13.1s]
  ✓  Validate yield curve metrics - Argentina - Corporativos - ONs Ley Extranjera - USD returns 200

↳ Validate yield curve - Argentina - Corporativos - ONs TAMAR - ARS
  GET https://api.mercapabbaco.com/yield-curves/d35422e9-f639-4ee8-8654-1d489e0af78e [200 OK, 1.28kB, 709ms]
  ✓  Validate yield curve - Argentina - Corporativos - ONs TAMAR - ARS returns 200

↳ Validate yield curve metrics - Argentina - Corporativos - ONs TAMAR - ARS
  GET https://api.mercapabbaco.com/yield-curves/d35422e9-f639-4ee8-8654-1d489e0af78e/metrics [200 OK, 15.4kB, 9s]
  ✓  Validate yield curve metrics - Argentina - Corporativos - ONs TAMAR - ARS returns 200

↳ Validate yield curve - Argentina - Corporativos - Petroleo, Gas y Combustibles - USD
  GET https://api.mercapabbaco.com/yield-curves/562ff5d6-a30e-4e18-a181-985dc783e842 [200 OK, 1.31kB, 268ms]
  ✓  Validate yield curve - Argentina - Corporativos - Petroleo, Gas y Combustibles - USD returns 200

↳ Validate yield curve metrics - Argentina - Corporativos - Petroleo, Gas y Combustibles - USD
  GET https://api.mercapabbaco.com/yield-curves/562ff5d6-a30e-4e18-a181-985dc783e842/metrics [200 OK, 59.69kB, 14.9s]
  ✓  Validate yield curve metrics - Argentina - Corporativos - Petroleo, Gas y Combustibles - USD returns 200

↳ Validate yield curve - Argentina - Corporativos - Productos Quimicos - USD
  GET https://api.mercapabbaco.com/yield-curves/a46c78e3-71d2-483b-ab4d-497c18be5378 [200 OK, 1.29kB, 422ms]
  ✓  Validate yield curve - Argentina - Corporativos - Productos Quimicos - USD returns 200

↳ Validate yield curve metrics - Argentina - Corporativos - Productos Quimicos - USD
  GET https://api.mercapabbaco.com/yield-curves/a46c78e3-71d2-483b-ab4d-497c18be5378/metrics [200 OK, 7.07kB, 2.8s]
  ✓  Validate yield curve metrics - Argentina - Corporativos - Productos Quimicos - USD returns 200

↳ Validate yield curve - Argentina - Corporativos - Servicios de Telecomunicaciones Diversos - USD
  GET https://api.mercapabbaco.com/yield-curves/65f4c86f-5f55-4a03-a3db-d223ec88acf1 [200 OK, 1.31kB, 470ms]
  ✓  Validate yield curve - Argentina - Corporativos - Servicios de Telecomunicaciones Diversos - USD returns 200

↳ Validate yield curve metrics - Argentina - Corporativos - Servicios de Telecomunicaciones Diversos - USD
  GET https://api.mercapabbaco.com/yield-curves/65f4c86f-5f55-4a03-a3db-d223ec88acf1/metrics [200 OK, 5.82kB, 1876ms]
  ✓  Validate yield curve metrics - Argentina - Corporativos - Servicios de Telecomunicaciones Diversos - USD returns 200

↳ Validate yield curve - Argentina - Corporativos - Servicios Financieros Personales - USD
  GET https://api.mercapabbaco.com/yield-curves/89e1fa10-5fe8-4b2d-9e42-70767154759c [200 OK, 1.31kB, 171ms]
  ✓  Validate yield curve - Argentina - Corporativos - Servicios Financieros Personales - USD returns 200

↳ Validate yield curve metrics - Argentina - Corporativos - Servicios Financieros Personales - USD
  GET https://api.mercapabbaco.com/yield-curves/89e1fa10-5fe8-4b2d-9e42-70767154759c/metrics [200 OK, 8.31kB, 3.7s]
  ✓  Validate yield curve metrics - Argentina - Corporativos - Servicios Financieros Personales - USD returns 200

↳ Validate yield curve - Argentina - Corporativos - Suministro Electrico - USD
  GET https://api.mercapabbaco.com/yield-curves/590a70ce-0175-4679-8409-d8be1dce306d [200 OK, 1.3kB, 454ms]
  ✓  Validate yield curve - Argentina - Corporativos - Suministro Electrico - USD returns 200

↳ Validate yield curve metrics - Argentina - Corporativos - Suministro Electrico - USD
  GET https://api.mercapabbaco.com/yield-curves/590a70ce-0175-4679-8409-d8be1dce306d/metrics [200 OK, 29.58kB, 8.8s]
  ✓  Validate yield curve metrics - Argentina - Corporativos - Suministro Electrico - USD returns 200

↳ Validate yield curve - Argentina - Corporativos - Transportes - USD
  GET https://api.mercapabbaco.com/yield-curves/0d88324d-d0bc-4c44-9ff9-fb406dbd880a [200 OK, 1.28kB, 209ms]
  ✓  Validate yield curve - Argentina - Corporativos - Transportes - USD returns 200

↳ Validate yield curve metrics - Argentina - Corporativos - Transportes - USD
  GET https://api.mercapabbaco.com/yield-curves/0d88324d-d0bc-4c44-9ff9-fb406dbd880a/metrics [200 OK, 8.32kB, 2.7s]
  ✓  Validate yield curve metrics - Argentina - Corporativos - Transportes - USD returns 200

↳ Validate yield curve - Argentina - Soberanos - Bonos del Tesoro Capitalizables BONCAP - ARS
  GET https://api.mercapabbaco.com/yield-curves/7654381b-b94b-44dd-97d2-d6c846ef1046 [200 OK, 1.31kB, 224ms]
  ✓  Validate yield curve - Argentina - Soberanos - Bonos del Tesoro Capitalizables BONCAP - ARS returns 200

↳ Validate yield curve metrics - Argentina - Soberanos - Bonos del Tesoro Capitalizables BONCAP - ARS
  GET https://api.mercapabbaco.com/yield-curves/7654381b-b94b-44dd-97d2-d6c846ef1046/metrics [200 OK, 5.84kB, 1769ms]
  ✓  Validate yield curve metrics - Argentina - Soberanos - Bonos del Tesoro Capitalizables BONCAP - ARS returns 200

↳ Validate yield curve - Argentina - Soberanos - Dollar Linked - USD
  GET https://api.mercapabbaco.com/yield-curves/f2488f82-4e37-4326-aec7-b7d268d58f3e [200 OK, 1.28kB, 376ms]
  ✓  Validate yield curve - Argentina - Soberanos - Dollar Linked - USD returns 200

↳ Validate yield curve metrics - Argentina - Soberanos - Dollar Linked - USD
  GET https://api.mercapabbaco.com/yield-curves/f2488f82-4e37-4326-aec7-b7d268d58f3e/metrics [200 OK, 5.82kB, 2.5s]
  ✓  Validate yield curve metrics - Argentina - Soberanos - Dollar Linked - USD returns 200

↳ Validate yield curve - Argentina - Soberanos - Letras del Tesoro (LECER) - ARS
  GET https://api.mercapabbaco.com/yield-curves/583f592b-ff37-47ed-a796-698767d4114c [200 OK, 1.3kB, 174ms]
  ✓  Validate yield curve - Argentina - Soberanos - Letras del Tesoro (LECER) - ARS returns 200

↳ Validate yield curve metrics - Argentina - Soberanos - Letras del Tesoro (LECER) - ARS
  GET https://api.mercapabbaco.com/yield-curves/583f592b-ff37-47ed-a796-698767d4114c/metrics [200 OK, 3.32kB, 1037ms]
  ✓  Validate yield curve metrics - Argentina - Soberanos - Letras del Tesoro (LECER) - ARS returns 200

↳ Validate yield curve - Argentina - Soberanos - Letras del Tesoro Capitalizables (LECAP) - ARS
  GET https://api.mercapabbaco.com/yield-curves/dafe5d79-334c-4861-a28b-8ffeb595abad [200 OK, 1.31kB, 213ms]
  ✓  Validate yield curve - Argentina - Soberanos - Letras del Tesoro Capitalizables (LECAP) - ARS returns 200

↳ Validate yield curve metrics - Argentina - Soberanos - Letras del Tesoro Capitalizables (LECAP) - ARS
  GET https://api.mercapabbaco.com/yield-curves/dafe5d79-334c-4861-a28b-8ffeb595abad/metrics [200 OK, 7.09kB, 2.9s]
  ✓  Validate yield curve metrics - Argentina - Soberanos - Letras del Tesoro Capitalizables (LECAP) - ARS returns 200

↳ Validate yield curve - Argentina - Soberanos - Letras del Tesoro vinculadas al u$s (LELINK) - ARS
  GET https://api.mercapabbaco.com/yield-curves/3edb7ca4-ff54-496b-bae0-4e1c367b07c6 [200 OK, 1.32kB, 518ms]
  ✓  Validate yield curve - Argentina - Soberanos - Letras del Tesoro vinculadas al u$s (LELINK) - ARS returns 200

↳ Validate yield curve metrics - Argentina - Soberanos - Letras del Tesoro vinculadas al u$s (LELINK) - ARS
  GET https://api.mercapabbaco.com/yield-curves/3edb7ca4-ff54-496b-bae0-4e1c367b07c6/metrics [200 OK, 5.82kB, 1933ms]
  ✓  Validate yield curve metrics - Argentina - Soberanos - Letras del Tesoro vinculadas al u$s (LELINK) - ARS returns 200

↳ Validate yield curve - Argentina - Soberanos - Ley Argentina - USD
  GET https://api.mercapabbaco.com/yield-curves/1eb1c353-c294-4fee-a932-297f3b11448f [200 OK, 1.3kB, 231ms]
  ✓  Validate yield curve - Argentina - Soberanos - Ley Argentina - USD returns 200

↳ Validate yield curve metrics - Argentina - Soberanos - Ley Argentina - USD
  GET https://api.mercapabbaco.com/yield-curves/1eb1c353-c294-4fee-a932-297f3b11448f/metrics [200 OK, 12.07kB, 3s]
  ✓  Validate yield curve metrics - Argentina - Soberanos - Ley Argentina - USD returns 200

↳ Validate yield curve - Argentina - Soberanos - Ley Extranjera - USD
  GET https://api.mercapabbaco.com/yield-curves/9d234b34-d635-4ace-bd37-a2a4f2e86faf [200 OK, 1.28kB, 921ms]
  ✓  Validate yield curve - Argentina - Soberanos - Ley Extranjera - USD returns 200

↳ Validate yield curve metrics - Argentina - Soberanos - Ley Extranjera - USD
  GET https://api.mercapabbaco.com/yield-curves/9d234b34-d635-4ace-bd37-a2a4f2e86faf/metrics [200 OK, 8.28kB, 2.6s]
  ✓  Validate yield curve metrics - Argentina - Soberanos - Ley Extranjera - USD returns 200

↳ Validate yield curve - Argentina - Soberanos - Tasa Fija + CER - ARS
  GET https://api.mercapabbaco.com/yield-curves/f9c0db3d-9190-4692-9c70-0d7b0eb9e9ee [200 OK, 1.28kB, 262ms]
  ✓  Validate yield curve - Argentina - Soberanos - Tasa Fija + CER - ARS returns 200

↳ Validate yield curve metrics - Argentina - Soberanos - Tasa Fija + CER - ARS
  GET https://api.mercapabbaco.com/yield-curves/f9c0db3d-9190-4692-9c70-0d7b0eb9e9ee/metrics [200 OK, 28.42kB, 7.9s]
  ✓  Validate yield curve metrics - Argentina - Soberanos - Tasa Fija + CER - ARS returns 200

↳ Validate yield curve - Argentina - Soberanos - Tasa Fija - ARS
  GET https://api.mercapabbaco.com/yield-curves/8e165b0c-69f7-4ddb-b346-a73b47aeef0e [200 OK, 1.28kB, 849ms]
  ✓  Validate yield curve - Argentina - Soberanos - Tasa Fija - ARS returns 200

↳ Validate yield curve metrics - Argentina - Soberanos - Tasa Fija - ARS
  GET https://api.mercapabbaco.com/yield-curves/8e165b0c-69f7-4ddb-b346-a73b47aeef0e/metrics [200 OK, 3.32kB, 582ms]
  ✓  Validate yield curve metrics - Argentina - Soberanos - Tasa Fija - ARS returns 200

↳ Validate yield curve - Argentina - Soberanos - Tasa Flotante - ARS
  GET https://api.mercapabbaco.com/yield-curves/9bdc4ab6-b86b-43c0-bb1e-f78e4c11ca55 [200 OK, 1.29kB, 210ms]
  ✓  Validate yield curve - Argentina - Soberanos - Tasa Flotante - ARS returns 200

↳ Validate yield curve metrics - Argentina - Soberanos - Tasa Flotante - ARS
  GET https://api.mercapabbaco.com/yield-curves/9bdc4ab6-b86b-43c0-bb1e-f78e4c11ca55/metrics [200 OK, 14.61kB, 6.3s]
  ✓  Validate yield curve metrics - Argentina - Soberanos - Tasa Flotante - ARS returns 200

↳ Validate yield curve - Argentina - SubSoberanos - Tasa fija + CER - ARS
  GET https://api.mercapabbaco.com/yield-curves/74f305c2-b3bc-4f0c-b917-89ae597c3be1 [200 OK, 1.29kB, 1278ms]
  ✓  Validate yield curve - Argentina - SubSoberanos - Tasa fija + CER - ARS returns 200

↳ Validate yield curve metrics - Argentina - SubSoberanos - Tasa fija + CER - ARS
  GET https://api.mercapabbaco.com/yield-curves/74f305c2-b3bc-4f0c-b917-89ae597c3be1/metrics [200 OK, 4.56kB, 1424ms]
  ✓  Validate yield curve metrics - Argentina - SubSoberanos - Tasa fija + CER - ARS returns 200

↳ Validate yield curve - Argentina - SubSoberanos - Tasa Fija - USD
  GET https://api.mercapabbaco.com/yield-curves/faba1cba-97a1-4f56-83c5-9ca4e9a5909c [200 OK, 1.28kB, 239ms]
  ✓  Validate yield curve - Argentina - SubSoberanos - Tasa Fija - USD returns 200

↳ Validate yield curve metrics - Argentina - SubSoberanos - Tasa Fija - USD
  GET https://api.mercapabbaco.com/yield-curves/faba1cba-97a1-4f56-83c5-9ca4e9a5909c/metrics [200 OK, 17.03kB, 4.9s]
  ✓  Validate yield curve metrics - Argentina - SubSoberanos - Tasa Fija - USD returns 200

↳ Validate yield curve - Argentina - SubSoberanos - Tasa Flotante - ARS
  GET https://api.mercapabbaco.com/yield-curves/9193993e-4b18-4889-94e6-4cefc7485e4a [200 OK, 1.28kB, 179ms]
  ✓  Validate yield curve - Argentina - SubSoberanos - Tasa Flotante - ARS returns 200

↳ Validate yield curve metrics - Argentina - SubSoberanos - Tasa Flotante - ARS
  GET https://api.mercapabbaco.com/yield-curves/9193993e-4b18-4889-94e6-4cefc7485e4a/metrics [200 OK, 10.84kB, 2.9s]
  ✓  Validate yield curve metrics - Argentina - SubSoberanos - Tasa Flotante - ARS returns 200

↳ Validate yield curve - Brasil - Soberanos - Bonos Globales - USD
  GET https://api.mercapabbaco.com/yield-curves/8217e3c3-7a60-4dc5-a772-856732650b8a [200 OK, 1.28kB, 458ms]
  ✓  Validate yield curve - Brasil - Soberanos - Bonos Globales - USD returns 200

↳ Validate yield curve metrics - Brasil - Soberanos - Bonos Globales - USD
  GET https://api.mercapabbaco.com/yield-curves/8217e3c3-7a60-4dc5-a772-856732650b8a/metrics [200 OK, 18.08kB, 10.9s]
  ✓  Validate yield curve metrics - Brasil - Soberanos - Bonos Globales - USD returns 200

↳ Validate yield curve - Chile - Soberanos - Bonos Globales - USD
  GET https://api.mercapabbaco.com/yield-curves/577aa710-749c-412f-9cab-7f1ce6379673 [200 OK, 1.29kB, 1484ms]
  ✓  Validate yield curve - Chile - Soberanos - Bonos Globales - USD returns 200

↳ Validate yield curve metrics - Chile - Soberanos - Bonos Globales - USD
  GET https://api.mercapabbaco.com/yield-curves/577aa710-749c-412f-9cab-7f1ce6379673/metrics [200 OK, 14.65kB, 8.1s]
  ✓  Validate yield curve metrics - Chile - Soberanos - Bonos Globales - USD returns 200

↳ Validate yield curve - Colombia - Soberanos - Bonos Globales - USD
  GET https://api.mercapabbaco.com/yield-curves/8c2d9de4-5cb3-4f2f-85ad-9aee19f88a8e [200 OK, 1.29kB, 261ms]
  ✓  Validate yield curve - Colombia - Soberanos - Bonos Globales - USD returns 200

↳ Validate yield curve metrics - Colombia - Soberanos - Bonos Globales - USD
  GET https://api.mercapabbaco.com/yield-curves/8c2d9de4-5cb3-4f2f-85ad-9aee19f88a8e/metrics [200 OK, 19.83kB, 12.2s]
  ✓  Validate yield curve metrics - Colombia - Soberanos - Bonos Globales - USD returns 200

↳ Validate yield curve - Estados Unidos - Soberanos - Treasury Notes/Bonds - USD
  GET https://api.mercapabbaco.com/yield-curves/3e5993cf-64c5-4fa2-ba5b-9fae8bfcd6d5 [200 OK, 1.29kB, 727ms]
  ✓  Validate yield curve - Estados Unidos - Soberanos - Treasury Notes/Bonds - USD returns 200

↳ Validate yield curve metrics - Estados Unidos - Soberanos - Treasury Notes/Bonds - USD
  GET https://api.mercapabbaco.com/yield-curves/3e5993cf-64c5-4fa2-ba5b-9fae8bfcd6d5/metrics [200 OK, 7.75kB, 4.2s]
  ✓  Validate yield curve metrics - Estados Unidos - Soberanos - Treasury Notes/Bonds - USD returns 200

↳ Validate yield curve - Mexico - Soberanos - Bonos Globales - USD
  GET https://api.mercapabbaco.com/yield-curves/86a282be-f60d-4cd6-be14-b1fd2871ba9b [200 OK, 1.28kB, 265ms]
  ✓  Validate yield curve - Mexico - Soberanos - Bonos Globales - USD returns 200

↳ Validate yield curve metrics - Mexico - Soberanos - Bonos Globales - USD
  GET https://api.mercapabbaco.com/yield-curves/86a282be-f60d-4cd6-be14-b1fd2871ba9b/metrics [200 OK, 31.93kB, 20.4s]
  ✓  Validate yield curve metrics - Mexico - Soberanos - Bonos Globales - USD returns 200

↳ Validate yield curve - Paraguay - Soberanos - Bonos Globales - USD
  GET https://api.mercapabbaco.com/yield-curves/b0d8c01d-972c-4e1e-97e9-1edcaffb2b20 [200 OK, 1.29kB, 1917ms]
  ✓  Validate yield curve - Paraguay - Soberanos - Bonos Globales - USD returns 200

↳ Validate yield curve metrics - Paraguay - Soberanos - Bonos Globales - USD
  GET https://api.mercapabbaco.com/yield-curves/b0d8c01d-972c-4e1e-97e9-1edcaffb2b20/metrics [200 OK, 8.57kB, 4.6s]
  ✓  Validate yield curve metrics - Paraguay - Soberanos - Bonos Globales - USD returns 200

↳ Validate yield curve - Argentina - SubSoberanos - Letras del Tesoro - ARS
  GET https://api.mercapabbaco.com/yield-curves/42e86b66-5c1c-47f4-be5f-29c570268f0e [200 OK, 1.29kB, 157ms]
  ✓  Validate yield curve - Argentina - SubSoberanos - Letras del Tesoro - ARS returns 200

↳ Validate yield curve metrics - Argentina - SubSoberanos - Letras del Tesoro - ARS
  GET https://api.mercapabbaco.com/yield-curves/42e86b66-5c1c-47f4-be5f-29c570268f0e/metrics [200 OK, 4.53kB, 2.2s]
  ✓  Validate yield curve metrics - Argentina - SubSoberanos - Letras del Tesoro - ARS returns 200

❏ Pepper-GS32 / Yield Curves / Brasil
↳ Validate yield curve - Brasil - Titulos Privados - C.R.A.s - Taxa Fixa - BRL

↳ Validate yield curve metrics - Brasil - Titulos Privados - C.R.A.s - Taxa Fixa - BRL

↳ Validate yield curve - Brasil - Titulos Privados - C.R.A.s - Taxa Variavel - BRL - ANBIMA

↳ Validate yield curve metrics - Brasil - Titulos Privados - C.R.A.s - Taxa Variavel - BRL - ANBIMA

↳ Validate yield curve - Brasil - Titulos Privados - C.R.I.s - Taxa Fixa - BRL

↳ Validate yield curve metrics - Brasil - Titulos Privados - C.R.I.s - Taxa Fixa - BRL

↳ Validate yield curve - Brasil - Titulos Privados - C.R.I.s - Taxa Variavel - BRL - ANBIMA

↳ Validate yield curve metrics - Brasil - Titulos Privados - C.R.I.s - Taxa Variavel - BRL - ANBIMA

↳ Validate yield curve - Brasil - Titulos Privados - Debentures - Aguas e Saneamiento - BRL

↳ Validate yield curve metrics - Brasil - Titulos Privados - Debentures - Aguas e Saneamiento - BRL

↳ Validate yield curve - Brasil - Titulos Privados - Debentures - Concessoes - BRL

↳ Validate yield curve metrics - Brasil - Titulos Privados - Debentures - Concessoes - BRL

↳ Validate yield curve - Brasil - Titulos Privados - Debentures - Energia - BRL

↳ Validate yield curve metrics - Brasil - Titulos Privados - Debentures - Energia - BRL

↳ Validate yield curve - Brasil - Titulos Privados - Debentures - Metais - BRL

↳ Validate yield curve metrics - Brasil - Titulos Privados - Debentures - Metais - BRL

↳ Validate yield curve - Brasil - Titulos Privados - Debentures - Taxa Variavel - BRL - ANBIMA

↳ Validate yield curve metrics - Brasil - Titulos Privados - Debentures - Taxa Variavel - BRL - ANBIMA

↳ Validate yield curve - Brasil - Titulos Privados - Debentures - Transporte e Logistica - BRL

↳ Validate yield curve metrics - Brasil - Titulos Privados - Debentures - Transporte e Logistica - BRL

↳ Validate yield curve - Brasil - Titulos Publicos - LTN - BRL - ANBIMA

↳ Validate yield curve metrics - Brasil - Titulos Publicos - LTN - BRL - ANBIMA

↳ Validate yield curve - Brasil - Titulos Publicos - NTN-B - BRL	- ANBIMA

↳ Validate yield curve metrics - Brasil - Titulos Publicos - NTN-B - BRL	- ANBIMA

↳ Validate yield curve - Brasil - Titulos Publicos - NTN-F - BRL

↳ Validate yield curve metrics - Brasil - Titulos Publicos - NTN-F - BRL

┌─────────────────────────┬────────────────────┬───────────────────┐
│                         │           executed │            failed │
├─────────────────────────┼────────────────────┼───────────────────┤
│              iterations │                  1 │                 0 │
├─────────────────────────┼────────────────────┼───────────────────┤
│                requests │                 77 │                 0 │
├─────────────────────────┼────────────────────┼───────────────────┤
│            test-scripts │                154 │                 0 │
├─────────────────────────┼────────────────────┼───────────────────┤
│      prerequest-scripts │                315 │                 0 │
├─────────────────────────┼────────────────────┼───────────────────┤
│              assertions │                195 │                 0 │
├─────────────────────────┴────────────────────┴───────────────────┤
│ total run duration: 5m 27.4s                                     │
├──────────────────────────────────────────────────────────────────┤
│ total data received: 736.06kB (approx)                           │
├──────────────────────────────────────────────────────────────────┤
│ average response time: 2.8s [min: 157ms, max: 20.4s, s.d.: 3.9s] │
└──────────────────────────────────────────────────────────────────┘
