newman

Marvel APIs

❏ Comparativa GS32 - GS64 / GS64
↳ Get cashflow - few cupons - GS64
  GET https://api.brasil.mercap.com.ar/brasil/bonds/b7aa0508-4017-46fc-9534-4f06aec5bda5/cashflow [200 OK, 2.21kB, 341ms]
  ✓  Status code is 200
  ✓  Body: 'flows' es un array no vacio
  ✓  Body: cada fila de cashflow tiene paymentDate y coupon

↳ Get cashflow - many cupons - GS64
  GET https://api.brasil.mercap.com.ar/brasil/bonds/e02ef7a3-370c-4ff3-85e9-ef3d93743762/cashflow [200 OK, 7.56kB, 121ms]
  ✓  Status code is 200
  ✓  Body: 'flows' es un array no vacio
  ✓  Body: cada fila de cashflow tiene paymentDate y coupon

↳ Get all bonds GS64
  GET https://api.brasil.mercap.com.ar/brasil/bonds?limit=50&start=1 [200 OK, 825.2kB, 2.2s]
  ✓  Status code is 200
  ✓  Body: 'items' es un array no vacio
  ✓  Body: cada item tiene nombre y self link
  ✓  Body: 'links.self' del response es un string

↳ Bond by UUID GS64
  GET https://api.brasil.mercap.com.ar/brasil/bonds/f0f3dad8-8d2c-4184-999e-2377996b8c30 [200 OK, 12.32kB, 111ms]
  ✓  Status code is 200
  ✓  Body: 'links.self' presente

↳ Get all bond laws GS64
  GET https://api.brasil.mercap.com.ar/bond-laws [200 OK, 1.2kB, 99ms]
  ✓  Status code is 200
  ✓  Body: 'items' es un array no vacio
  ✓  Body: cada item tiene nombre y self link
  ✓  Body: 'links.self' del response es un string

↳ Get Bond law UUID GS64
  GET https://api.brasil.mercap.com.ar/bond-laws/f5c5b146-8f26-4e82-a4e0-ff3cbc386c67 [200 OK, 947B, 96ms]
  ✓  Status code is 200
  ✓  Body: 'links.self' presente

↳ Get all debt types GS64
  GET https://api.brasil.mercap.com.ar/debt-types [200 OK, 2.18kB, 106ms]
  ✓  Status code is 200
  ✓  Body: 'items' es un array no vacio
  ✓  Body: cada item tiene nombre y self link
  ✓  Body: 'links.self' del response es un string

↳ Get debt Type UUID GS64
  GET https://api.brasil.mercap.com.ar/debt-types/178fe3f0-97b3-4b90-b9f1-c97a642bf6f6 [200 OK, 956B, 99ms]
  ✓  Status code is 200
  ✓  Body: 'links.self' presente

↳ Get all curencies GS64
  GET https://api.brasil.mercap.com.ar/currencies [200 OK, 1.34kB, 214ms]
  ✓  Status code is 200
  ✓  Body: 'items' es un array no vacio
  ✓  Body: cada item tiene nombre y self link
  ✓  Body: 'links.self' del response es un string

↳ Get currency UUID GS64
  GET https://api.brasil.mercap.com.ar/currencies/5e28e713-4c64-48b6-863e-a3227a6869da [200 OK, 1kB, 230ms]
  ✓  Status code is 200
  ✓  Body: 'links.self' presente

↳ Get Finantial unit issuer GS64
  GET https://api.brasil.mercap.com.ar/instrument-issuers?limit=450 [200 OK, 121.03kB, 861ms]
  ✓  Status code is 200
  ✓  Body: 'items' es un array no vacio
  ✓  Body: cada item tiene nombre y self link
  ✓  Body: 'links.self' del response es un string

┌─────────────────────────┬────────────────────┬───────────────────┐
│                         │           executed │            failed │
├─────────────────────────┼────────────────────┼───────────────────┤
│              iterations │                  1 │                 0 │
├─────────────────────────┼────────────────────┼───────────────────┤
│                requests │                 11 │                 0 │
├─────────────────────────┼────────────────────┼───────────────────┤
│            test-scripts │                 22 │                 0 │
├─────────────────────────┼────────────────────┼───────────────────┤
│      prerequest-scripts │                 24 │                 0 │
├─────────────────────────┼────────────────────┼───────────────────┤
│              assertions │                 34 │                 0 │
├─────────────────────────┴────────────────────┴───────────────────┤
│ total run duration: 5.1s                                         │
├──────────────────────────────────────────────────────────────────┤
│ total data received: 967.8kB (approx)                            │
├──────────────────────────────────────────────────────────────────┤
│ average response time: 414ms [min: 96ms, max: 2.2s, s.d.: 627ms] │
└──────────────────────────────────────────────────────────────────┘
