newman

Marvel APIs

Iteration 1/30

❏ Comparativa GS32 - GS64 / GS32
↳ Get cashflow - many cupons - GS32
  POST https://api.brasil.mercap.com.ar/bond-payment-forecast [200 OK, 34.34kB, 581ms]
  ✓  Status code is 200
  ✓  Body: sin 'error' JSON-RPC
  ✓  Body: 'result' es un array no vacio
  ✓  Body: cada fila de cashflow tiene dueDate y coupon

↳ Get cashflow - few cupons - GS32
  POST https://api.brasil.mercap.com.ar/bond-payment-forecast [200 OK, 6.75kB, 154ms]
  ✓  Status code is 200
  ✓  Body: sin 'error' JSON-RPC
  ✓  Body: 'result' es un array no vacio
  ✓  Body: cada fila de cashflow tiene dueDate y coupon

↳ Get all bonds GS32
  GET https://api.brasil.mercap.com.ar/bonds?limit=50&start=1 [200 OK, 614.22kB, 1356ms]
  ✓  Status code is 200
  ✓  Body: 'items' es un array no vacio
  ✓  Body: cada item tiene nombre y self link
  ✓  Body: 'links.self' del response es un string

↳ Bond by UUID GS32
  GET https://api.brasil.mercap.com.ar/bonds/f0f3dad8-8d2c-4184-999e-2377996b8c30 [200 OK, 12.12kB, 116ms]
  ✓  Status code is 200
  ✓  Body: 'links.self' presente

↳ Get all bond laws GS32
  GET https://api.brasil.mercap.com.ar/32/bond-laws [200 OK, 988B, 92ms]
  ✓  Status code is 200
  ✓  Body: 'items' es un array no vacio
  ✓  Body: cada item tiene nombre y self link
  ✓  Body: 'links.self' del response es un string

↳ Get Bond law UUID GS32
  GET https://api.brasil.mercap.com.ar/32/bond-laws/266ee9fb-5a72-4273-abdf-b41d012ec367 [200 OK, 851B, 135ms]
  ✓  Status code is 200
  ✓  Body: 'links.self' presente

↳ Get all debt types GS32
  GET https://api.brasil.mercap.com.ar/32/debt-types [200 OK, 1.53kB, 102ms]
  ✓  Status code is 200
  ✓  Body: 'items' es un array no vacio
  ✓  Body: cada item tiene nombre y self link
  ✓  Body: 'links.self' del response es un string

↳ Get debt Type UUID GS32
  GET https://api.brasil.mercap.com.ar/32/debt-types/9e01f1e4-5731-418d-8eab-97d6e873c969 [200 OK, 847B, 117ms]
  ✓  Status code is 200
  ✓  Body: 'links.self' presente

↳ Get all curencies GS32
  GET https://api.brasil.mercap.com.ar/32/currencies [200 OK, 1.05kB, 106ms]
  ✓  Status code is 200
  ✓  Body: 'items' es un array no vacio
  ✓  Body: cada item tiene nombre y self link
  ✓  Body: 'links.self' del response es un string

↳ Get currency UUID GS32
  GET https://api.brasil.mercap.com.ar/32/currencies/5e28e713-4c64-48b6-863e-a3227a6869da [200 OK, 878B, 121ms]
  ✓  Status code is 200
  ✓  Body: 'links.self' presente

↳ Get Finantial unit issuer GS32
  GET https://api.brasil.mercap.com.ar/32/instrument-issuers [200 OK, 68.89kB, 214ms]
  ✓  Status code is 200
  ✓  Body: 'items' es un array no vacio
  ✓  Body: cada item tiene nombre y self link
  ✓  Body: 'links.self' del response es un string

Iteration 2/30

↳ Get cashflow - many cupons - GS32
  POST https://api.brasil.mercap.com.ar/bond-payment-forecast [200 OK, 34.33kB, 172ms]
  ✓  Status code is 200
  ✓  Body: sin 'error' JSON-RPC
  ✓  Body: 'result' es un array no vacio
  ✓  Body: cada fila de cashflow tiene dueDate y coupon

↳ Get cashflow - few cupons - GS32
  POST https://api.brasil.mercap.com.ar/bond-payment-forecast [200 OK, 6.75kB, 106ms]
  ✓  Status code is 200
  ✓  Body: sin 'error' JSON-RPC
  ✓  Body: 'result' es un array no vacio
  ✓  Body: cada fila de cashflow tiene dueDate y coupon

↳ Get all bonds GS32
  GET https://api.brasil.mercap.com.ar/bonds?limit=50&start=1 [200 OK, 614.21kB, 1046ms]
  ✓  Status code is 200
  ✓  Body: 'items' es un array no vacio
  ✓  Body: cada item tiene nombre y self link
  ✓  Body: 'links.self' del response es un string

↳ Bond by UUID GS32
  GET https://api.brasil.mercap.com.ar/bonds/f0f3dad8-8d2c-4184-999e-2377996b8c30 [200 OK, 12.12kB, 109ms]
  ✓  Status code is 200
  ✓  Body: 'links.self' presente

↳ Get all bond laws GS32
  GET https://api.brasil.mercap.com.ar/32/bond-laws [200 OK, 990B, 134ms]
  ✓  Status code is 200
  ✓  Body: 'items' es un array no vacio
  ✓  Body: cada item tiene nombre y self link
  ✓  Body: 'links.self' del response es un string

↳ Get Bond law UUID GS32
  GET https://api.brasil.mercap.com.ar/32/bond-laws/266ee9fb-5a72-4273-abdf-b41d012ec367 [200 OK, 841B, 234ms]
  ✓  Status code is 200
  ✓  Body: 'links.self' presente

↳ Get all debt types GS32
  GET https://api.brasil.mercap.com.ar/32/debt-types [200 OK, 1.52kB, 123ms]
  ✓  Status code is 200
  ✓  Body: 'items' es un array no vacio
  ✓  Body: cada item tiene nombre y self link
  ✓  Body: 'links.self' del response es un string

↳ Get debt Type UUID GS32
  GET https://api.brasil.mercap.com.ar/32/debt-types/9e01f1e4-5731-418d-8eab-97d6e873c969 [200 OK, 853B, 109ms]
  ✓  Status code is 200
  ✓  Body: 'links.self' presente

↳ Get all curencies GS32
  GET https://api.brasil.mercap.com.ar/32/currencies [200 OK, 1.05kB, 142ms]
  ✓  Status code is 200
  ✓  Body: 'items' es un array no vacio
  ✓  Body: cada item tiene nombre y self link
  ✓  Body: 'links.self' del response es un string

↳ Get currency UUID GS32
  GET https://api.brasil.mercap.com.ar/32/currencies/5e28e713-4c64-48b6-863e-a3227a6869da [200 OK, 882B, 110ms]
  ✓  Status code is 200
  ✓  Body: 'links.self' presente

↳ Get Finantial unit issuer GS32
  GET https://api.brasil.mercap.com.ar/32/instrument-issuers [200 OK, 68.88kB, 284ms]
  ✓  Status code is 200
  ✓  Body: 'items' es un array no vacio
  ✓  Body: cada item tiene nombre y self link
  ✓  Body: 'links.self' del response es un string

Iteration 3/30

↳ Get cashflow - many cupons - GS32
  POST https://api.brasil.mercap.com.ar/bond-payment-forecast [200 OK, 34.33kB, 185ms]
  ✓  Status code is 200
  ✓  Body: sin 'error' JSON-RPC
  ✓  Body: 'result' es un array no vacio
  ✓  Body: cada fila de cashflow tiene dueDate y coupon

↳ Get cashflow - few cupons - GS32
  POST https://api.brasil.mercap.com.ar/bond-payment-forecast [200 OK, 6.76kB, 113ms]
  ✓  Status code is 200
  ✓  Body: sin 'error' JSON-RPC
  ✓  Body: 'result' es un array no vacio
  ✓  Body: cada fila de cashflow tiene dueDate y coupon

↳ Get all bonds GS32
  GET https://api.brasil.mercap.com.ar/bonds?limit=50&start=1 [200 OK, 614.21kB, 1047ms]
  ✓  Status code is 200
  ✓  Body: 'items' es un array no vacio
  ✓  Body: cada item tiene nombre y self link
  ✓  Body: 'links.self' del response es un string

↳ Bond by UUID GS32
  GET https://api.brasil.mercap.com.ar/bonds/f0f3dad8-8d2c-4184-999e-2377996b8c30 [200 OK, 12.12kB, 101ms]
  ✓  Status code is 200
  ✓  Body: 'links.self' presente

↳ Get all bond laws GS32
  GET https://api.brasil.mercap.com.ar/32/bond-laws [200 OK, 982B, 84ms]
  ✓  Status code is 200
  ✓  Body: 'items' es un array no vacio
  ✓  Body: cada item tiene nombre y self link
  ✓  Body: 'links.self' del response es un string

↳ Get Bond law UUID GS32
  GET https://api.brasil.mercap.com.ar/32/bond-laws/266ee9fb-5a72-4273-abdf-b41d012ec367 [200 OK, 855B, 149ms]
  ✓  Status code is 200
  ✓  Body: 'links.self' presente

↳ Get all debt types GS32
  GET https://api.brasil.mercap.com.ar/32/debt-types [200 OK, 1.53kB, 101ms]
  ✓  Status code is 200
  ✓  Body: 'items' es un array no vacio
  ✓  Body: cada item tiene nombre y self link
  ✓  Body: 'links.self' del response es un string

↳ Get debt Type UUID GS32
  GET https://api.brasil.mercap.com.ar/32/debt-types/9e01f1e4-5731-418d-8eab-97d6e873c969 [200 OK, 847B, 146ms]
  ✓  Status code is 200
  ✓  Body: 'links.self' presente

↳ Get all curencies GS32
  GET https://api.brasil.mercap.com.ar/32/currencies [200 OK, 1.06kB, 106ms]
  ✓  Status code is 200
  ✓  Body: 'items' es un array no vacio
  ✓  Body: cada item tiene nombre y self link
  ✓  Body: 'links.self' del response es un string

↳ Get currency UUID GS32
  GET https://api.brasil.mercap.com.ar/32/currencies/5e28e713-4c64-48b6-863e-a3227a6869da [200 OK, 878B, 143ms]
  ✓  Status code is 200
  ✓  Body: 'links.self' presente

↳ Get Finantial unit issuer GS32
  GET https://api.brasil.mercap.com.ar/32/instrument-issuers [200 OK, 68.89kB, 404ms]
  ✓  Status code is 200
  ✓  Body: 'items' es un array no vacio
  ✓  Body: cada item tiene nombre y self link
  ✓  Body: 'links.self' del response es un string

Iteration 4/30

↳ Get cashflow - many cupons - GS32
  POST https://api.brasil.mercap.com.ar/bond-payment-forecast [200 OK, 34.32kB, 231ms]
  ✓  Status code is 200
  ✓  Body: sin 'error' JSON-RPC
  ✓  Body: 'result' es un array no vacio
  ✓  Body: cada fila de cashflow tiene dueDate y coupon

↳ Get cashflow - few cupons - GS32
  POST https://api.brasil.mercap.com.ar/bond-payment-forecast [200 OK, 6.75kB, 77ms]
  ✓  Status code is 200
  ✓  Body: sin 'error' JSON-RPC
  ✓  Body: 'result' es un array no vacio
  ✓  Body: cada fila de cashflow tiene dueDate y coupon

↳ Get all bonds GS32
  GET https://api.brasil.mercap.com.ar/bonds?limit=50&start=1 [200 OK, 614.21kB, 663ms]
  ✓  Status code is 200
  ✓  Body: 'items' es un array no vacio
  ✓  Body: cada item tiene nombre y self link
  ✓  Body: 'links.self' del response es un string

↳ Bond by UUID GS32
  GET https://api.brasil.mercap.com.ar/bonds/f0f3dad8-8d2c-4184-999e-2377996b8c30 [200 OK, 12.11kB, 109ms]
  ✓  Status code is 200
  ✓  Body: 'links.self' presente

↳ Get all bond laws GS32
  GET https://api.brasil.mercap.com.ar/32/bond-laws [200 OK, 992B, 137ms]
  ✓  Status code is 200
  ✓  Body: 'items' es un array no vacio
  ✓  Body: cada item tiene nombre y self link
  ✓  Body: 'links.self' del response es un string

↳ Get Bond law UUID GS32
  GET https://api.brasil.mercap.com.ar/32/bond-laws/266ee9fb-5a72-4273-abdf-b41d012ec367 [200 OK, 841B, 111ms]
  ✓  Status code is 200
  ✓  Body: 'links.self' presente

↳ Get all debt types GS32
  GET https://api.brasil.mercap.com.ar/32/debt-types [200 OK, 1.52kB, 148ms]
  ✓  Status code is 200
  ✓  Body: 'items' es un array no vacio
  ✓  Body: cada item tiene nombre y self link
  ✓  Body: 'links.self' del response es un string

↳ Get debt Type UUID GS32
  GET https://api.brasil.mercap.com.ar/32/debt-types/9e01f1e4-5731-418d-8eab-97d6e873c969 [200 OK, 847B, 110ms]
  ✓  Status code is 200
  ✓  Body: 'links.self' presente

↳ Get all curencies GS32
  GET https://api.brasil.mercap.com.ar/32/currencies [200 OK, 1.06kB, 144ms]
  ✓  Status code is 200
  ✓  Body: 'items' es un array no vacio
  ✓  Body: cada item tiene nombre y self link
  ✓  Body: 'links.self' del response es un string

↳ Get currency UUID GS32
  GET https://api.brasil.mercap.com.ar/32/currencies/5e28e713-4c64-48b6-863e-a3227a6869da [200 OK, 878B, 109ms]
  ✓  Status code is 200
  ✓  Body: 'links.self' presente

↳ Get Finantial unit issuer GS32
  GET https://api.brasil.mercap.com.ar/32/instrument-issuers [200 OK, 68.89kB, 743ms]
  ✓  Status code is 200
  ✓  Body: 'items' es un array no vacio
  ✓  Body: cada item tiene nombre y self link
  ✓  Body: 'links.self' del response es un string

Iteration 5/30

↳ Get cashflow - many cupons - GS32
  POST https://api.brasil.mercap.com.ar/bond-payment-forecast [200 OK, 34.33kB, 122ms]
  ✓  Status code is 200
  ✓  Body: sin 'error' JSON-RPC
  ✓  Body: 'result' es un array no vacio
  ✓  Body: cada fila de cashflow tiene dueDate y coupon

↳ Get cashflow - few cupons - GS32
  POST https://api.brasil.mercap.com.ar/bond-payment-forecast [200 OK, 6.76kB, 124ms]
  ✓  Status code is 200
  ✓  Body: sin 'error' JSON-RPC
  ✓  Body: 'result' es un array no vacio
  ✓  Body: cada fila de cashflow tiene dueDate y coupon

↳ Get all bonds GS32
  GET https://api.brasil.mercap.com.ar/bonds?limit=50&start=1 [200 OK, 614.21kB, 5.6s]
  ✓  Status code is 200
  ✓  Body: 'items' es un array no vacio
  ✓  Body: cada item tiene nombre y self link
  ✓  Body: 'links.self' del response es un string

↳ Bond by UUID GS32
  GET https://api.brasil.mercap.com.ar/bonds/f0f3dad8-8d2c-4184-999e-2377996b8c30 [200 OK, 12.11kB, 96ms]
  ✓  Status code is 200
  ✓  Body: 'links.self' presente

↳ Get all bond laws GS32
  GET https://api.brasil.mercap.com.ar/32/bond-laws [200 OK, 994B, 76ms]
  ✓  Status code is 200
  ✓  Body: 'items' es un array no vacio
  ✓  Body: cada item tiene nombre y self link
  ✓  Body: 'links.self' del response es un string

↳ Get Bond law UUID GS32
  GET https://api.brasil.mercap.com.ar/32/bond-laws/266ee9fb-5a72-4273-abdf-b41d012ec367 [200 OK, 843B, 155ms]
  ✓  Status code is 200
  ✓  Body: 'links.self' presente

↳ Get all debt types GS32
  GET https://api.brasil.mercap.com.ar/32/debt-types [200 OK, 1.53kB, 109ms]
  ✓  Status code is 200
  ✓  Body: 'items' es un array no vacio
  ✓  Body: cada item tiene nombre y self link
  ✓  Body: 'links.self' del response es un string

↳ Get debt Type UUID GS32
  GET https://api.brasil.mercap.com.ar/32/debt-types/9e01f1e4-5731-418d-8eab-97d6e873c969 [200 OK, 851B, 138ms]
  ✓  Status code is 200
  ✓  Body: 'links.self' presente

↳ Get all curencies GS32
  GET https://api.brasil.mercap.com.ar/32/currencies [200 OK, 1.06kB, 114ms]
  ✓  Status code is 200
  ✓  Body: 'items' es un array no vacio
  ✓  Body: cada item tiene nombre y self link
  ✓  Body: 'links.self' del response es un string

↳ Get currency UUID GS32
  GET https://api.brasil.mercap.com.ar/32/currencies/5e28e713-4c64-48b6-863e-a3227a6869da [200 OK, 884B, 167ms]
  ✓  Status code is 200
  ✓  Body: 'links.self' presente

↳ Get Finantial unit issuer GS32
  GET https://api.brasil.mercap.com.ar/32/instrument-issuers [200 OK, 68.89kB, 639ms]
  ✓  Status code is 200
  ✓  Body: 'items' es un array no vacio
  ✓  Body: cada item tiene nombre y self link
  ✓  Body: 'links.self' del response es un string

Iteration 6/30

↳ Get cashflow - many cupons - GS32
  POST https://api.brasil.mercap.com.ar/bond-payment-forecast [200 OK, 34.33kB, 143ms]
  ✓  Status code is 200
  ✓  Body: sin 'error' JSON-RPC
  ✓  Body: 'result' es un array no vacio
  ✓  Body: cada fila de cashflow tiene dueDate y coupon

↳ Get cashflow - few cupons - GS32
  POST https://api.brasil.mercap.com.ar/bond-payment-forecast [200 OK, 6.77kB, 111ms]
  ✓  Status code is 200
  ✓  Body: sin 'error' JSON-RPC
  ✓  Body: 'result' es un array no vacio
  ✓  Body: cada fila de cashflow tiene dueDate y coupon

↳ Get all bonds GS32
  GET https://api.brasil.mercap.com.ar/bonds?limit=50&start=1 [200 OK, 614.22kB, 2.2s]
  ✓  Status code is 200
  ✓  Body: 'items' es un array no vacio
  ✓  Body: cada item tiene nombre y self link
  ✓  Body: 'links.self' del response es un string

↳ Bond by UUID GS32
  GET https://api.brasil.mercap.com.ar/bonds/f0f3dad8-8d2c-4184-999e-2377996b8c30 [200 OK, 12.12kB, 160ms]
  ✓  Status code is 200
  ✓  Body: 'links.self' presente

↳ Get all bond laws GS32
  GET https://api.brasil.mercap.com.ar/32/bond-laws [200 OK, 988B, 138ms]
  ✓  Status code is 200
  ✓  Body: 'items' es un array no vacio
  ✓  Body: cada item tiene nombre y self link
  ✓  Body: 'links.self' del response es un string

↳ Get Bond law UUID GS32
  GET https://api.brasil.mercap.com.ar/32/bond-laws/266ee9fb-5a72-4273-abdf-b41d012ec367 [200 OK, 847B, 108ms]
  ✓  Status code is 200
  ✓  Body: 'links.self' presente

↳ Get all debt types GS32
  GET https://api.brasil.mercap.com.ar/32/debt-types [200 OK, 1.53kB, 149ms]
  ✓  Status code is 200
  ✓  Body: 'items' es un array no vacio
  ✓  Body: cada item tiene nombre y self link
  ✓  Body: 'links.self' del response es un string

↳ Get debt Type UUID GS32
  GET https://api.brasil.mercap.com.ar/32/debt-types/9e01f1e4-5731-418d-8eab-97d6e873c969 [200 OK, 851B, 117ms]
  ✓  Status code is 200
  ✓  Body: 'links.self' presente

↳ Get all curencies GS32
  GET https://api.brasil.mercap.com.ar/32/currencies [200 OK, 1.06kB, 141ms]
  ✓  Status code is 200
  ✓  Body: 'items' es un array no vacio
  ✓  Body: cada item tiene nombre y self link
  ✓  Body: 'links.self' del response es un string

↳ Get currency UUID GS32
  GET https://api.brasil.mercap.com.ar/32/currencies/5e28e713-4c64-48b6-863e-a3227a6869da [200 OK, 880B, 101ms]
  ✓  Status code is 200
  ✓  Body: 'links.self' presente

↳ Get Finantial unit issuer GS32
  GET https://api.brasil.mercap.com.ar/32/instrument-issuers [200 OK, 68.89kB, 750ms]
  ✓  Status code is 200
  ✓  Body: 'items' es un array no vacio
  ✓  Body: cada item tiene nombre y self link
  ✓  Body: 'links.self' del response es un string

Iteration 7/30

↳ Get cashflow - many cupons - GS32
  POST https://api.brasil.mercap.com.ar/bond-payment-forecast [200 OK, 34.33kB, 216ms]
  ✓  Status code is 200
  ✓  Body: sin 'error' JSON-RPC
  ✓  Body: 'result' es un array no vacio
  ✓  Body: cada fila de cashflow tiene dueDate y coupon

↳ Get cashflow - few cupons - GS32
  POST https://api.brasil.mercap.com.ar/bond-payment-forecast [200 OK, 6.76kB, 119ms]
  ✓  Status code is 200
  ✓  Body: sin 'error' JSON-RPC
  ✓  Body: 'result' es un array no vacio
  ✓  Body: cada fila de cashflow tiene dueDate y coupon

↳ Get all bonds GS32
  GET https://api.brasil.mercap.com.ar/bonds?limit=50&start=1 [200 OK, 614.22kB, 1547ms]
  ✓  Status code is 200
  ✓  Body: 'items' es un array no vacio
  ✓  Body: cada item tiene nombre y self link
  ✓  Body: 'links.self' del response es un string

↳ Bond by UUID GS32
  GET https://api.brasil.mercap.com.ar/bonds/f0f3dad8-8d2c-4184-999e-2377996b8c30 [200 OK, 12.12kB, 300ms]
  ✓  Status code is 200
  ✓  Body: 'links.self' presente

↳ Get all bond laws GS32
  GET https://api.brasil.mercap.com.ar/32/bond-laws [200 OK, 984B, 96ms]
  ✓  Status code is 200
  ✓  Body: 'items' es un array no vacio
  ✓  Body: cada item tiene nombre y self link
  ✓  Body: 'links.self' del response es un string

↳ Get Bond law UUID GS32
  GET https://api.brasil.mercap.com.ar/32/bond-laws/266ee9fb-5a72-4273-abdf-b41d012ec367 [200 OK, 851B, 149ms]
  ✓  Status code is 200
  ✓  Body: 'links.self' presente

↳ Get all debt types GS32
  GET https://api.brasil.mercap.com.ar/32/debt-types [200 OK, 1.54kB, 111ms]
  ✓  Status code is 200
  ✓  Body: 'items' es un array no vacio
  ✓  Body: cada item tiene nombre y self link
  ✓  Body: 'links.self' del response es un string

↳ Get debt Type UUID GS32
  GET https://api.brasil.mercap.com.ar/32/debt-types/9e01f1e4-5731-418d-8eab-97d6e873c969 [200 OK, 851B, 152ms]
  ✓  Status code is 200
  ✓  Body: 'links.self' presente

↳ Get all curencies GS32
  GET https://api.brasil.mercap.com.ar/32/currencies [200 OK, 1.06kB, 101ms]
  ✓  Status code is 200
  ✓  Body: 'items' es un array no vacio
  ✓  Body: cada item tiene nombre y self link
  ✓  Body: 'links.self' del response es un string

↳ Get currency UUID GS32
  GET https://api.brasil.mercap.com.ar/32/currencies/5e28e713-4c64-48b6-863e-a3227a6869da [200 OK, 888B, 151ms]
  ✓  Status code is 200
  ✓  Body: 'links.self' presente

↳ Get Finantial unit issuer GS32
  GET https://api.brasil.mercap.com.ar/32/instrument-issuers [200 OK, 68.89kB, 303ms]
  ✓  Status code is 200
  ✓  Body: 'items' es un array no vacio
  ✓  Body: cada item tiene nombre y self link
  ✓  Body: 'links.self' del response es un string

Iteration 8/30

↳ Get cashflow - many cupons - GS32
  POST https://api.brasil.mercap.com.ar/bond-payment-forecast [200 OK, 34.32kB, 172ms]
  ✓  Status code is 200
  ✓  Body: sin 'error' JSON-RPC
  ✓  Body: 'result' es un array no vacio
  ✓  Body: cada fila de cashflow tiene dueDate y coupon

↳ Get cashflow - few cupons - GS32
  POST https://api.brasil.mercap.com.ar/bond-payment-forecast [200 OK, 6.76kB, 138ms]
  ✓  Status code is 200
  ✓  Body: sin 'error' JSON-RPC
  ✓  Body: 'result' es un array no vacio
  ✓  Body: cada fila de cashflow tiene dueDate y coupon

↳ Get all bonds GS32
  GET https://api.brasil.mercap.com.ar/bonds?limit=50&start=1 [200 OK, 614.21kB, 5.9s]
  ✓  Status code is 200
  ✓  Body: 'items' es un array no vacio
  ✓  Body: cada item tiene nombre y self link
  ✓  Body: 'links.self' del response es un string

↳ Bond by UUID GS32
  GET https://api.brasil.mercap.com.ar/bonds/f0f3dad8-8d2c-4184-999e-2377996b8c30 [200 OK, 12.12kB, 80ms]
  ✓  Status code is 200
  ✓  Body: 'links.self' presente

↳ Get all bond laws GS32
  GET https://api.brasil.mercap.com.ar/32/bond-laws [200 OK, 990B, 124ms]
  ✓  Status code is 200
  ✓  Body: 'items' es un array no vacio
  ✓  Body: cada item tiene nombre y self link
  ✓  Body: 'links.self' del response es un string

↳ Get Bond law UUID GS32
  GET https://api.brasil.mercap.com.ar/32/bond-laws/266ee9fb-5a72-4273-abdf-b41d012ec367 [200 OK, 843B, 117ms]
  ✓  Status code is 200
  ✓  Body: 'links.self' presente

↳ Get all debt types GS32
  GET https://api.brasil.mercap.com.ar/32/debt-types [200 OK, 1.53kB, 144ms]
  ✓  Status code is 200
  ✓  Body: 'items' es un array no vacio
  ✓  Body: cada item tiene nombre y self link
  ✓  Body: 'links.self' del response es un string

↳ Get debt Type UUID GS32
  GET https://api.brasil.mercap.com.ar/32/debt-types/9e01f1e4-5731-418d-8eab-97d6e873c969 [200 OK, 851B, 115ms]
  ✓  Status code is 200
  ✓  Body: 'links.self' presente

↳ Get all curencies GS32
  GET https://api.brasil.mercap.com.ar/32/currencies [200 OK, 1.06kB, 143ms]
  ✓  Status code is 200
  ✓  Body: 'items' es un array no vacio
  ✓  Body: cada item tiene nombre y self link
  ✓  Body: 'links.self' del response es un string

↳ Get currency UUID GS32
  GET https://api.brasil.mercap.com.ar/32/currencies/5e28e713-4c64-48b6-863e-a3227a6869da [200 OK, 872B, 114ms]
  ✓  Status code is 200
  ✓  Body: 'links.self' presente

↳ Get Finantial unit issuer GS32
  GET https://api.brasil.mercap.com.ar/32/instrument-issuers [200 OK, 68.89kB, 708ms]
  ✓  Status code is 200
  ✓  Body: 'items' es un array no vacio
  ✓  Body: cada item tiene nombre y self link
  ✓  Body: 'links.self' del response es un string

Iteration 9/30

↳ Get cashflow - many cupons - GS32
  POST https://api.brasil.mercap.com.ar/bond-payment-forecast [200 OK, 34.33kB, 193ms]
  ✓  Status code is 200
  ✓  Body: sin 'error' JSON-RPC
  ✓  Body: 'result' es un array no vacio
  ✓  Body: cada fila de cashflow tiene dueDate y coupon

↳ Get cashflow - few cupons - GS32
  POST https://api.brasil.mercap.com.ar/bond-payment-forecast [200 OK, 6.76kB, 181ms]
  ✓  Status code is 200
  ✓  Body: sin 'error' JSON-RPC
  ✓  Body: 'result' es un array no vacio
  ✓  Body: cada fila de cashflow tiene dueDate y coupon

↳ Get all bonds GS32
  GET https://api.brasil.mercap.com.ar/bonds?limit=50&start=1 [200 OK, 614.21kB, 6.4s]
  ✓  Status code is 200
  ✓  Body: 'items' es un array no vacio
  ✓  Body: cada item tiene nombre y self link
  ✓  Body: 'links.self' del response es un string

↳ Bond by UUID GS32
  GET https://api.brasil.mercap.com.ar/bonds/f0f3dad8-8d2c-4184-999e-2377996b8c30 [200 OK, 12.12kB, 136ms]
  ✓  Status code is 200
  ✓  Body: 'links.self' presente

↳ Get all bond laws GS32
  GET https://api.brasil.mercap.com.ar/32/bond-laws [200 OK, 988B, 124ms]
  ✓  Status code is 200
  ✓  Body: 'items' es un array no vacio
  ✓  Body: cada item tiene nombre y self link
  ✓  Body: 'links.self' del response es un string

↳ Get Bond law UUID GS32
  GET https://api.brasil.mercap.com.ar/32/bond-laws/266ee9fb-5a72-4273-abdf-b41d012ec367 [200 OK, 845B, 124ms]
  ✓  Status code is 200
  ✓  Body: 'links.self' presente

↳ Get all debt types GS32
  GET https://api.brasil.mercap.com.ar/32/debt-types [200 OK, 1.54kB, 139ms]
  ✓  Status code is 200
  ✓  Body: 'items' es un array no vacio
  ✓  Body: cada item tiene nombre y self link
  ✓  Body: 'links.self' del response es un string

↳ Get debt Type UUID GS32
  GET https://api.brasil.mercap.com.ar/32/debt-types/9e01f1e4-5731-418d-8eab-97d6e873c969 [200 OK, 861B, 122ms]
  ✓  Status code is 200
  ✓  Body: 'links.self' presente

↳ Get all curencies GS32
  GET https://api.brasil.mercap.com.ar/32/currencies [200 OK, 1.06kB, 136ms]
  ✓  Status code is 200
  ✓  Body: 'items' es un array no vacio
  ✓  Body: cada item tiene nombre y self link
  ✓  Body: 'links.self' del response es un string

↳ Get currency UUID GS32
  GET https://api.brasil.mercap.com.ar/32/currencies/5e28e713-4c64-48b6-863e-a3227a6869da [200 OK, 878B, 122ms]
  ✓  Status code is 200
  ✓  Body: 'links.self' presente

↳ Get Finantial unit issuer GS32
  GET https://api.brasil.mercap.com.ar/32/instrument-issuers [200 OK, 68.89kB, 430ms]
  ✓  Status code is 200
  ✓  Body: 'items' es un array no vacio
  ✓  Body: cada item tiene nombre y self link
  ✓  Body: 'links.self' del response es un string

Iteration 10/30

↳ Get cashflow - many cupons - GS32
  POST https://api.brasil.mercap.com.ar/bond-payment-forecast [200 OK, 34.33kB, 233ms]
  ✓  Status code is 200
  ✓  Body: sin 'error' JSON-RPC
  ✓  Body: 'result' es un array no vacio
  ✓  Body: cada fila de cashflow tiene dueDate y coupon

↳ Get cashflow - few cupons - GS32
  POST https://api.brasil.mercap.com.ar/bond-payment-forecast [200 OK, 6.75kB, 102ms]
  ✓  Status code is 200
  ✓  Body: sin 'error' JSON-RPC
  ✓  Body: 'result' es un array no vacio
  ✓  Body: cada fila de cashflow tiene dueDate y coupon

↳ Get all bonds GS32
  GET https://api.brasil.mercap.com.ar/bonds?limit=50&start=1 [200 OK, 614.21kB, 5.9s]
  ✓  Status code is 200
  ✓  Body: 'items' es un array no vacio
  ✓  Body: cada item tiene nombre y self link
  ✓  Body: 'links.self' del response es un string

↳ Bond by UUID GS32
  GET https://api.brasil.mercap.com.ar/bonds/f0f3dad8-8d2c-4184-999e-2377996b8c30 [200 OK, 12.11kB, 96ms]
  ✓  Status code is 200
  ✓  Body: 'links.self' presente

↳ Get all bond laws GS32
  GET https://api.brasil.mercap.com.ar/32/bond-laws [200 OK, 990B, 100ms]
  ✓  Status code is 200
  ✓  Body: 'items' es un array no vacio
  ✓  Body: cada item tiene nombre y self link
  ✓  Body: 'links.self' del response es un string

↳ Get Bond law UUID GS32
  GET https://api.brasil.mercap.com.ar/32/bond-laws/266ee9fb-5a72-4273-abdf-b41d012ec367 [200 OK, 845B, 131ms]
  ✓  Status code is 200
  ✓  Body: 'links.self' presente

↳ Get all debt types GS32
  GET https://api.brasil.mercap.com.ar/32/debt-types [200 OK, 1.53kB, 132ms]
  ✓  Status code is 200
  ✓  Body: 'items' es un array no vacio
  ✓  Body: cada item tiene nombre y self link
  ✓  Body: 'links.self' del response es un string

↳ Get debt Type UUID GS32
  GET https://api.brasil.mercap.com.ar/32/debt-types/9e01f1e4-5731-418d-8eab-97d6e873c969 [200 OK, 849B, 125ms]
  ✓  Status code is 200
  ✓  Body: 'links.self' presente

↳ Get all curencies GS32
  GET https://api.brasil.mercap.com.ar/32/currencies [200 OK, 1.06kB, 132ms]
  ✓  Status code is 200
  ✓  Body: 'items' es un array no vacio
  ✓  Body: cada item tiene nombre y self link
  ✓  Body: 'links.self' del response es un string

↳ Get currency UUID GS32
  GET https://api.brasil.mercap.com.ar/32/currencies/5e28e713-4c64-48b6-863e-a3227a6869da [200 OK, 876B, 128ms]
  ✓  Status code is 200
  ✓  Body: 'links.self' presente

↳ Get Finantial unit issuer GS32
  GET https://api.brasil.mercap.com.ar/32/instrument-issuers [200 OK, 68.88kB, 724ms]
  ✓  Status code is 200
  ✓  Body: 'items' es un array no vacio
  ✓  Body: cada item tiene nombre y self link
  ✓  Body: 'links.self' del response es un string

Iteration 11/30

↳ Get cashflow - many cupons - GS32
  POST https://api.brasil.mercap.com.ar/bond-payment-forecast [200 OK, 34.33kB, 198ms]
  ✓  Status code is 200
  ✓  Body: sin 'error' JSON-RPC
  ✓  Body: 'result' es un array no vacio
  ✓  Body: cada fila de cashflow tiene dueDate y coupon

↳ Get cashflow - few cupons - GS32
  POST https://api.brasil.mercap.com.ar/bond-payment-forecast [200 OK, 6.75kB, 90ms]
  ✓  Status code is 200
  ✓  Body: sin 'error' JSON-RPC
  ✓  Body: 'result' es un array no vacio
  ✓  Body: cada fila de cashflow tiene dueDate y coupon

↳ Get all bonds GS32
  GET https://api.brasil.mercap.com.ar/bonds?limit=50&start=1 [200 OK, 614.21kB, 1329ms]
  ✓  Status code is 200
  ✓  Body: 'items' es un array no vacio
  ✓  Body: cada item tiene nombre y self link
  ✓  Body: 'links.self' del response es un string

↳ Bond by UUID GS32
  GET https://api.brasil.mercap.com.ar/bonds/f0f3dad8-8d2c-4184-999e-2377996b8c30 [200 OK, 12.12kB, 128ms]
  ✓  Status code is 200
  ✓  Body: 'links.self' presente

↳ Get all bond laws GS32
  GET https://api.brasil.mercap.com.ar/32/bond-laws [200 OK, 988B, 119ms]
  ✓  Status code is 200
  ✓  Body: 'items' es un array no vacio
  ✓  Body: cada item tiene nombre y self link
  ✓  Body: 'links.self' del response es un string

↳ Get Bond law UUID GS32
  GET https://api.brasil.mercap.com.ar/32/bond-laws/266ee9fb-5a72-4273-abdf-b41d012ec367 [200 OK, 849B, 127ms]
  ✓  Status code is 200
  ✓  Body: 'links.self' presente

↳ Get all debt types GS32
  GET https://api.brasil.mercap.com.ar/32/debt-types [200 OK, 1.54kB, 134ms]
  ✓  Status code is 200
  ✓  Body: 'items' es un array no vacio
  ✓  Body: cada item tiene nombre y self link
  ✓  Body: 'links.self' del response es un string

↳ Get debt Type UUID GS32
  GET https://api.brasil.mercap.com.ar/32/debt-types/9e01f1e4-5731-418d-8eab-97d6e873c969 [200 OK, 855B, 140ms]
  ✓  Status code is 200
  ✓  Body: 'links.self' presente

↳ Get all curencies GS32
  GET https://api.brasil.mercap.com.ar/32/currencies [200 OK, 1.06kB, 115ms]
  ✓  Status code is 200
  ✓  Body: 'items' es un array no vacio
  ✓  Body: cada item tiene nombre y self link
  ✓  Body: 'links.self' del response es un string

↳ Get currency UUID GS32
  GET https://api.brasil.mercap.com.ar/32/currencies/5e28e713-4c64-48b6-863e-a3227a6869da [200 OK, 874B, 132ms]
  ✓  Status code is 200
  ✓  Body: 'links.self' presente

↳ Get Finantial unit issuer GS32
  GET https://api.brasil.mercap.com.ar/32/instrument-issuers [200 OK, 68.89kB, 268ms]
  ✓  Status code is 200
  ✓  Body: 'items' es un array no vacio
  ✓  Body: cada item tiene nombre y self link
  ✓  Body: 'links.self' del response es un string

Iteration 12/30

↳ Get cashflow - many cupons - GS32
  POST https://api.brasil.mercap.com.ar/bond-payment-forecast [200 OK, 34.33kB, 255ms]
  ✓  Status code is 200
  ✓  Body: sin 'error' JSON-RPC
  ✓  Body: 'result' es un array no vacio
  ✓  Body: cada fila de cashflow tiene dueDate y coupon

↳ Get cashflow - few cupons - GS32
  POST https://api.brasil.mercap.com.ar/bond-payment-forecast [200 OK, 6.76kB, 87ms]
  ✓  Status code is 200
  ✓  Body: sin 'error' JSON-RPC
  ✓  Body: 'result' es un array no vacio
  ✓  Body: cada fila de cashflow tiene dueDate y coupon

↳ Get all bonds GS32
  GET https://api.brasil.mercap.com.ar/bonds?limit=50&start=1 [200 OK, 614.21kB, 5.1s]
  ✓  Status code is 200
  ✓  Body: 'items' es un array no vacio
  ✓  Body: cada item tiene nombre y self link
  ✓  Body: 'links.self' del response es un string

↳ Bond by UUID GS32
  GET https://api.brasil.mercap.com.ar/bonds/f0f3dad8-8d2c-4184-999e-2377996b8c30 [200 OK, 12.11kB, 85ms]
  ✓  Status code is 200
  ✓  Body: 'links.self' presente

↳ Get all bond laws GS32
  GET https://api.brasil.mercap.com.ar/32/bond-laws [200 OK, 996B, 113ms]
  ✓  Status code is 200
  ✓  Body: 'items' es un array no vacio
  ✓  Body: cada item tiene nombre y self link
  ✓  Body: 'links.self' del response es un string

↳ Get Bond law UUID GS32
  GET https://api.brasil.mercap.com.ar/32/bond-laws/266ee9fb-5a72-4273-abdf-b41d012ec367 [200 OK, 857B, 131ms]
  ✓  Status code is 200
  ✓  Body: 'links.self' presente

↳ Get all debt types GS32
  GET https://api.brasil.mercap.com.ar/32/debt-types [200 OK, 1.53kB, 131ms]
  ✓  Status code is 200
  ✓  Body: 'items' es un array no vacio
  ✓  Body: cada item tiene nombre y self link
  ✓  Body: 'links.self' del response es un string

↳ Get debt Type UUID GS32
  GET https://api.brasil.mercap.com.ar/32/debt-types/9e01f1e4-5731-418d-8eab-97d6e873c969 [200 OK, 849B, 130ms]
  ✓  Status code is 200
  ✓  Body: 'links.self' presente

↳ Get all curencies GS32
  GET https://api.brasil.mercap.com.ar/32/currencies [200 OK, 1.06kB, 129ms]
  ✓  Status code is 200
  ✓  Body: 'items' es un array no vacio
  ✓  Body: cada item tiene nombre y self link
  ✓  Body: 'links.self' del response es un string

↳ Get currency UUID GS32
  GET https://api.brasil.mercap.com.ar/32/currencies/5e28e713-4c64-48b6-863e-a3227a6869da [200 OK, 880B, 130ms]
  ✓  Status code is 200
  ✓  Body: 'links.self' presente

↳ Get Finantial unit issuer GS32
  GET https://api.brasil.mercap.com.ar/32/instrument-issuers [200 OK, 68.89kB, 661ms]
  ✓  Status code is 200
  ✓  Body: 'items' es un array no vacio
  ✓  Body: cada item tiene nombre y self link
  ✓  Body: 'links.self' del response es un string

Iteration 13/30

↳ Get cashflow - many cupons - GS32
  POST https://api.brasil.mercap.com.ar/bond-payment-forecast [200 OK, 34.34kB, 194ms]
  ✓  Status code is 200
  ✓  Body: sin 'error' JSON-RPC
  ✓  Body: 'result' es un array no vacio
  ✓  Body: cada fila de cashflow tiene dueDate y coupon

↳ Get cashflow - few cupons - GS32
  POST https://api.brasil.mercap.com.ar/bond-payment-forecast [200 OK, 6.76kB, 99ms]
  ✓  Status code is 200
  ✓  Body: sin 'error' JSON-RPC
  ✓  Body: 'result' es un array no vacio
  ✓  Body: cada fila de cashflow tiene dueDate y coupon

↳ Get all bonds GS32
  GET https://api.brasil.mercap.com.ar/bonds?limit=50&start=1 [200 OK, 614.21kB, 1876ms]
  ✓  Status code is 200
  ✓  Body: 'items' es un array no vacio
  ✓  Body: cada item tiene nombre y self link
  ✓  Body: 'links.self' del response es un string

↳ Bond by UUID GS32
  GET https://api.brasil.mercap.com.ar/bonds/f0f3dad8-8d2c-4184-999e-2377996b8c30 [200 OK, 12.12kB, 179ms]
  ✓  Status code is 200
  ✓  Body: 'links.self' presente

↳ Get all bond laws GS32
  GET https://api.brasil.mercap.com.ar/32/bond-laws [200 OK, 994B, 128ms]
  ✓  Status code is 200
  ✓  Body: 'items' es un array no vacio
  ✓  Body: cada item tiene nombre y self link
  ✓  Body: 'links.self' del response es un string

↳ Get Bond law UUID GS32
  GET https://api.brasil.mercap.com.ar/32/bond-laws/266ee9fb-5a72-4273-abdf-b41d012ec367 [200 OK, 843B, 123ms]
  ✓  Status code is 200
  ✓  Body: 'links.self' presente

↳ Get all debt types GS32
  GET https://api.brasil.mercap.com.ar/32/debt-types [200 OK, 1.53kB, 130ms]
  ✓  Status code is 200
  ✓  Body: 'items' es un array no vacio
  ✓  Body: cada item tiene nombre y self link
  ✓  Body: 'links.self' del response es un string

↳ Get debt Type UUID GS32
  GET https://api.brasil.mercap.com.ar/32/debt-types/9e01f1e4-5731-418d-8eab-97d6e873c969 [200 OK, 847B, 128ms]
  ✓  Status code is 200
  ✓  Body: 'links.self' presente

↳ Get all curencies GS32
  GET https://api.brasil.mercap.com.ar/32/currencies [200 OK, 1.06kB, 130ms]
  ✓  Status code is 200
  ✓  Body: 'items' es un array no vacio
  ✓  Body: cada item tiene nombre y self link
  ✓  Body: 'links.self' del response es un string

↳ Get currency UUID GS32
  GET https://api.brasil.mercap.com.ar/32/currencies/5e28e713-4c64-48b6-863e-a3227a6869da [200 OK, 878B, 134ms]
  ✓  Status code is 200
  ✓  Body: 'links.self' presente

↳ Get Finantial unit issuer GS32
  GET https://api.brasil.mercap.com.ar/32/instrument-issuers [200 OK, 68.89kB, 322ms]
  ✓  Status code is 200
  ✓  Body: 'items' es un array no vacio
  ✓  Body: cada item tiene nombre y self link
  ✓  Body: 'links.self' del response es un string

Iteration 14/30

↳ Get cashflow - many cupons - GS32
  POST https://api.brasil.mercap.com.ar/bond-payment-forecast [200 OK, 34.33kB, 166ms]
  ✓  Status code is 200
  ✓  Body: sin 'error' JSON-RPC
  ✓  Body: 'result' es un array no vacio
  ✓  Body: cada fila de cashflow tiene dueDate y coupon

↳ Get cashflow - few cupons - GS32
  POST https://api.brasil.mercap.com.ar/bond-payment-forecast [200 OK, 6.76kB, 117ms]
  ✓  Status code is 200
  ✓  Body: sin 'error' JSON-RPC
  ✓  Body: 'result' es un array no vacio
  ✓  Body: cada fila de cashflow tiene dueDate y coupon

↳ Get all bonds GS32
  GET https://api.brasil.mercap.com.ar/bonds?limit=50&start=1 [200 OK, 614.21kB, 6.7s]
  ✓  Status code is 200
  ✓  Body: 'items' es un array no vacio
  ✓  Body: cada item tiene nombre y self link
  ✓  Body: 'links.self' del response es un string

↳ Bond by UUID GS32
  GET https://api.brasil.mercap.com.ar/bonds/f0f3dad8-8d2c-4184-999e-2377996b8c30 [200 OK, 12.12kB, 86ms]
  ✓  Status code is 200
  ✓  Body: 'links.self' presente

↳ Get all bond laws GS32
  GET https://api.brasil.mercap.com.ar/32/bond-laws [200 OK, 998B, 116ms]
  ✓  Status code is 200
  ✓  Body: 'items' es un array no vacio
  ✓  Body: cada item tiene nombre y self link
  ✓  Body: 'links.self' del response es un string

↳ Get Bond law UUID GS32
  GET https://api.brasil.mercap.com.ar/32/bond-laws/266ee9fb-5a72-4273-abdf-b41d012ec367 [200 OK, 851B, 135ms]
  ✓  Status code is 200
  ✓  Body: 'links.self' presente

↳ Get all debt types GS32
  GET https://api.brasil.mercap.com.ar/32/debt-types [200 OK, 1.53kB, 131ms]
  ✓  Status code is 200
  ✓  Body: 'items' es un array no vacio
  ✓  Body: cada item tiene nombre y self link
  ✓  Body: 'links.self' del response es un string

↳ Get debt Type UUID GS32
  GET https://api.brasil.mercap.com.ar/32/debt-types/9e01f1e4-5731-418d-8eab-97d6e873c969 [200 OK, 853B, 128ms]
  ✓  Status code is 200
  ✓  Body: 'links.self' presente

↳ Get all curencies GS32
  GET https://api.brasil.mercap.com.ar/32/currencies [200 OK, 1.06kB, 128ms]
  ✓  Status code is 200
  ✓  Body: 'items' es un array no vacio
  ✓  Body: cada item tiene nombre y self link
  ✓  Body: 'links.self' del response es un string

↳ Get currency UUID GS32
  GET https://api.brasil.mercap.com.ar/32/currencies/5e28e713-4c64-48b6-863e-a3227a6869da [200 OK, 880B, 130ms]
  ✓  Status code is 200
  ✓  Body: 'links.self' presente

↳ Get Finantial unit issuer GS32
  GET https://api.brasil.mercap.com.ar/32/instrument-issuers [200 OK, 68.89kB, 340ms]
  ✓  Status code is 200
  ✓  Body: 'items' es un array no vacio
  ✓  Body: cada item tiene nombre y self link
  ✓  Body: 'links.self' del response es un string

Iteration 15/30

↳ Get cashflow - many cupons - GS32
  POST https://api.brasil.mercap.com.ar/bond-payment-forecast [200 OK, 34.33kB, 185ms]
  ✓  Status code is 200
  ✓  Body: sin 'error' JSON-RPC
  ✓  Body: 'result' es un array no vacio
  ✓  Body: cada fila de cashflow tiene dueDate y coupon

↳ Get cashflow - few cupons - GS32
  POST https://api.brasil.mercap.com.ar/bond-payment-forecast [200 OK, 6.75kB, 133ms]
  ✓  Status code is 200
  ✓  Body: sin 'error' JSON-RPC
  ✓  Body: 'result' es un array no vacio
  ✓  Body: cada fila de cashflow tiene dueDate y coupon

↳ Get all bonds GS32
  GET https://api.brasil.mercap.com.ar/bonds?limit=50&start=1 [200 OK, 614.22kB, 1571ms]
  ✓  Status code is 200
  ✓  Body: 'items' es un array no vacio
  ✓  Body: cada item tiene nombre y self link
  ✓  Body: 'links.self' del response es un string

↳ Bond by UUID GS32
  GET https://api.brasil.mercap.com.ar/bonds/f0f3dad8-8d2c-4184-999e-2377996b8c30 [200 OK, 12.13kB, 112ms]
  ✓  Status code is 200
  ✓  Body: 'links.self' presente

↳ Get all bond laws GS32
  GET https://api.brasil.mercap.com.ar/32/bond-laws [200 OK, 994B, 104ms]
  ✓  Status code is 200
  ✓  Body: 'items' es un array no vacio
  ✓  Body: cada item tiene nombre y self link
  ✓  Body: 'links.self' del response es un string

↳ Get Bond law UUID GS32
  GET https://api.brasil.mercap.com.ar/32/bond-laws/266ee9fb-5a72-4273-abdf-b41d012ec367 [200 OK, 853B, 144ms]
  ✓  Status code is 200
  ✓  Body: 'links.self' presente

↳ Get all debt types GS32
  GET https://api.brasil.mercap.com.ar/32/debt-types [200 OK, 1.54kB, 109ms]
  ✓  Status code is 200
  ✓  Body: 'items' es un array no vacio
  ✓  Body: cada item tiene nombre y self link
  ✓  Body: 'links.self' del response es un string

↳ Get debt Type UUID GS32
  GET https://api.brasil.mercap.com.ar/32/debt-types/9e01f1e4-5731-418d-8eab-97d6e873c969 [200 OK, 847B, 156ms]
  ✓  Status code is 200
  ✓  Body: 'links.self' presente

↳ Get all curencies GS32
  GET https://api.brasil.mercap.com.ar/32/currencies [200 OK, 1.06kB, 99ms]
  ✓  Status code is 200
  ✓  Body: 'items' es un array no vacio
  ✓  Body: cada item tiene nombre y self link
  ✓  Body: 'links.self' del response es un string

↳ Get currency UUID GS32
  GET https://api.brasil.mercap.com.ar/32/currencies/5e28e713-4c64-48b6-863e-a3227a6869da [200 OK, 878B, 153ms]
  ✓  Status code is 200
  ✓  Body: 'links.self' presente

↳ Get Finantial unit issuer GS32
  GET https://api.brasil.mercap.com.ar/32/instrument-issuers [200 OK, 68.89kB, 405ms]
  ✓  Status code is 200
  ✓  Body: 'items' es un array no vacio
  ✓  Body: cada item tiene nombre y self link
  ✓  Body: 'links.self' del response es un string

Iteration 16/30

↳ Get cashflow - many cupons - GS32
  POST https://api.brasil.mercap.com.ar/bond-payment-forecast [200 OK, 34.33kB, 171ms]
  ✓  Status code is 200
  ✓  Body: sin 'error' JSON-RPC
  ✓  Body: 'result' es un array no vacio
  ✓  Body: cada fila de cashflow tiene dueDate y coupon

↳ Get cashflow - few cupons - GS32
  POST https://api.brasil.mercap.com.ar/bond-payment-forecast [200 OK, 6.76kB, 135ms]
  ✓  Status code is 200
  ✓  Body: sin 'error' JSON-RPC
  ✓  Body: 'result' es un array no vacio
  ✓  Body: cada fila de cashflow tiene dueDate y coupon

↳ Get all bonds GS32
  GET https://api.brasil.mercap.com.ar/bonds?limit=50&start=1 [200 OK, 614.22kB, 4.5s]
  ✓  Status code is 200
  ✓  Body: 'items' es un array no vacio
  ✓  Body: cada item tiene nombre y self link
  ✓  Body: 'links.self' del response es un string

↳ Bond by UUID GS32
  GET https://api.brasil.mercap.com.ar/bonds/f0f3dad8-8d2c-4184-999e-2377996b8c30 [200 OK, 12.11kB, 170ms]
  ✓  Status code is 200
  ✓  Body: 'links.self' presente

↳ Get all bond laws GS32
  GET https://api.brasil.mercap.com.ar/32/bond-laws [200 OK, 988B, 132ms]
  ✓  Status code is 200
  ✓  Body: 'items' es un array no vacio
  ✓  Body: cada item tiene nombre y self link
  ✓  Body: 'links.self' del response es un string

↳ Get Bond law UUID GS32
  GET https://api.brasil.mercap.com.ar/32/bond-laws/266ee9fb-5a72-4273-abdf-b41d012ec367 [200 OK, 845B, 117ms]
  ✓  Status code is 200
  ✓  Body: 'links.self' presente

↳ Get all debt types GS32
  GET https://api.brasil.mercap.com.ar/32/debt-types [200 OK, 1.53kB, 144ms]
  ✓  Status code is 200
  ✓  Body: 'items' es un array no vacio
  ✓  Body: cada item tiene nombre y self link
  ✓  Body: 'links.self' del response es un string

↳ Get debt Type UUID GS32
  GET https://api.brasil.mercap.com.ar/32/debt-types/9e01f1e4-5731-418d-8eab-97d6e873c969 [200 OK, 851B, 119ms]
  ✓  Status code is 200
  ✓  Body: 'links.self' presente

↳ Get all curencies GS32
  GET https://api.brasil.mercap.com.ar/32/currencies [200 OK, 1.06kB, 145ms]
  ✓  Status code is 200
  ✓  Body: 'items' es un array no vacio
  ✓  Body: cada item tiene nombre y self link
  ✓  Body: 'links.self' del response es un string

↳ Get currency UUID GS32
  GET https://api.brasil.mercap.com.ar/32/currencies/5e28e713-4c64-48b6-863e-a3227a6869da [200 OK, 876B, 116ms]
  ✓  Status code is 200
  ✓  Body: 'links.self' presente

↳ Get Finantial unit issuer GS32
  GET https://api.brasil.mercap.com.ar/32/instrument-issuers [200 OK, 68.88kB, 901ms]
  ✓  Status code is 200
  ✓  Body: 'items' es un array no vacio
  ✓  Body: cada item tiene nombre y self link
  ✓  Body: 'links.self' del response es un string

Iteration 17/30

↳ Get cashflow - many cupons - GS32
  POST https://api.brasil.mercap.com.ar/bond-payment-forecast [200 OK, 34.33kB, 126ms]
  ✓  Status code is 200
  ✓  Body: sin 'error' JSON-RPC
  ✓  Body: 'result' es un array no vacio
  ✓  Body: cada fila de cashflow tiene dueDate y coupon

↳ Get cashflow - few cupons - GS32
  POST https://api.brasil.mercap.com.ar/bond-payment-forecast [200 OK, 6.76kB, 141ms]
  ✓  Status code is 200
  ✓  Body: sin 'error' JSON-RPC
  ✓  Body: 'result' es un array no vacio
  ✓  Body: cada fila de cashflow tiene dueDate y coupon

↳ Get all bonds GS32
  GET https://api.brasil.mercap.com.ar/bonds?limit=50&start=1 [200 OK, 614.22kB, 647ms]
  ✓  Status code is 200
  ✓  Body: 'items' es un array no vacio
  ✓  Body: cada item tiene nombre y self link
  ✓  Body: 'links.self' del response es un string

↳ Bond by UUID GS32
  GET https://api.brasil.mercap.com.ar/bonds/f0f3dad8-8d2c-4184-999e-2377996b8c30 [200 OK, 12.11kB, 146ms]
  ✓  Status code is 200
  ✓  Body: 'links.self' presente

↳ Get all bond laws GS32
  GET https://api.brasil.mercap.com.ar/32/bond-laws [200 OK, 986B, 74ms]
  ✓  Status code is 200
  ✓  Body: 'items' es un array no vacio
  ✓  Body: cada item tiene nombre y self link
  ✓  Body: 'links.self' del response es un string

↳ Get Bond law UUID GS32
  GET https://api.brasil.mercap.com.ar/32/bond-laws/266ee9fb-5a72-4273-abdf-b41d012ec367 [200 OK, 847B, 166ms]
  ✓  Status code is 200
  ✓  Body: 'links.self' presente

↳ Get all debt types GS32
  GET https://api.brasil.mercap.com.ar/32/debt-types [200 OK, 1.53kB, 93ms]
  ✓  Status code is 200
  ✓  Body: 'items' es un array no vacio
  ✓  Body: cada item tiene nombre y self link
  ✓  Body: 'links.self' del response es un string

↳ Get debt Type UUID GS32
  GET https://api.brasil.mercap.com.ar/32/debt-types/9e01f1e4-5731-418d-8eab-97d6e873c969 [200 OK, 853B, 149ms]
  ✓  Status code is 200
  ✓  Body: 'links.self' presente

↳ Get all curencies GS32
  GET https://api.brasil.mercap.com.ar/32/currencies [200 OK, 1.06kB, 113ms]
  ✓  Status code is 200
  ✓  Body: 'items' es un array no vacio
  ✓  Body: cada item tiene nombre y self link
  ✓  Body: 'links.self' del response es un string

↳ Get currency UUID GS32
  GET https://api.brasil.mercap.com.ar/32/currencies/5e28e713-4c64-48b6-863e-a3227a6869da [200 OK, 878B, 150ms]
  ✓  Status code is 200
  ✓  Body: 'links.self' presente

↳ Get Finantial unit issuer GS32
  GET https://api.brasil.mercap.com.ar/32/instrument-issuers [200 OK, 68.88kB, 310ms]
  ✓  Status code is 200
  ✓  Body: 'items' es un array no vacio
  ✓  Body: cada item tiene nombre y self link
  ✓  Body: 'links.self' del response es un string

Iteration 18/30

↳ Get cashflow - many cupons - GS32
  POST https://api.brasil.mercap.com.ar/bond-payment-forecast [200 OK, 34.32kB, 148ms]
  ✓  Status code is 200
  ✓  Body: sin 'error' JSON-RPC
  ✓  Body: 'result' es un array no vacio
  ✓  Body: cada fila de cashflow tiene dueDate y coupon

↳ Get cashflow - few cupons - GS32
  POST https://api.brasil.mercap.com.ar/bond-payment-forecast [200 OK, 6.77kB, 136ms]
  ✓  Status code is 200
  ✓  Body: sin 'error' JSON-RPC
  ✓  Body: 'result' es un array no vacio
  ✓  Body: cada fila de cashflow tiene dueDate y coupon

↳ Get all bonds GS32
  GET https://api.brasil.mercap.com.ar/bonds?limit=50&start=1 [200 OK, 614.21kB, 4.2s]
  ✓  Status code is 200
  ✓  Body: 'items' es un array no vacio
  ✓  Body: cada item tiene nombre y self link
  ✓  Body: 'links.self' del response es un string

↳ Bond by UUID GS32
  GET https://api.brasil.mercap.com.ar/bonds/f0f3dad8-8d2c-4184-999e-2377996b8c30 [200 OK, 12.13kB, 166ms]
  ✓  Status code is 200
  ✓  Body: 'links.self' presente

↳ Get all bond laws GS32
  GET https://api.brasil.mercap.com.ar/32/bond-laws [200 OK, 996B, 141ms]
  ✓  Status code is 200
  ✓  Body: 'items' es un array no vacio
  ✓  Body: cada item tiene nombre y self link
  ✓  Body: 'links.self' del response es un string

↳ Get Bond law UUID GS32
  GET https://api.brasil.mercap.com.ar/32/bond-laws/266ee9fb-5a72-4273-abdf-b41d012ec367 [200 OK, 859B, 116ms]
  ✓  Status code is 200
  ✓  Body: 'links.self' presente

↳ Get all debt types GS32
  GET https://api.brasil.mercap.com.ar/32/debt-types [200 OK, 1.53kB, 143ms]
  ✓  Status code is 200
  ✓  Body: 'items' es un array no vacio
  ✓  Body: cada item tiene nombre y self link
  ✓  Body: 'links.self' del response es un string

↳ Get debt Type UUID GS32
  GET https://api.brasil.mercap.com.ar/32/debt-types/9e01f1e4-5731-418d-8eab-97d6e873c969 [200 OK, 845B, 116ms]
  ✓  Status code is 200
  ✓  Body: 'links.self' presente

↳ Get all curencies GS32
  GET https://api.brasil.mercap.com.ar/32/currencies [200 OK, 1.06kB, 144ms]
  ✓  Status code is 200
  ✓  Body: 'items' es un array no vacio
  ✓  Body: cada item tiene nombre y self link
  ✓  Body: 'links.self' del response es un string

↳ Get currency UUID GS32
  GET https://api.brasil.mercap.com.ar/32/currencies/5e28e713-4c64-48b6-863e-a3227a6869da [200 OK, 880B, 120ms]
  ✓  Status code is 200
  ✓  Body: 'links.self' presente

↳ Get Finantial unit issuer GS32
  GET https://api.brasil.mercap.com.ar/32/instrument-issuers [200 OK, 68.89kB, 738ms]
  ✓  Status code is 200
  ✓  Body: 'items' es un array no vacio
  ✓  Body: cada item tiene nombre y self link
  ✓  Body: 'links.self' del response es un string

Iteration 19/30

↳ Get cashflow - many cupons - GS32
  POST https://api.brasil.mercap.com.ar/bond-payment-forecast [200 OK, 34.33kB, 207ms]
  ✓  Status code is 200
  ✓  Body: sin 'error' JSON-RPC
  ✓  Body: 'result' es un array no vacio
  ✓  Body: cada fila de cashflow tiene dueDate y coupon

↳ Get cashflow - few cupons - GS32
  POST https://api.brasil.mercap.com.ar/bond-payment-forecast [200 OK, 6.76kB, 112ms]
  ✓  Status code is 200
  ✓  Body: sin 'error' JSON-RPC
  ✓  Body: 'result' es un array no vacio
  ✓  Body: cada fila de cashflow tiene dueDate y coupon

↳ Get all bonds GS32
  GET https://api.brasil.mercap.com.ar/bonds?limit=50&start=1 [200 OK, 614.21kB, 3.3s]
  ✓  Status code is 200
  ✓  Body: 'items' es un array no vacio
  ✓  Body: cada item tiene nombre y self link
  ✓  Body: 'links.self' del response es un string

↳ Bond by UUID GS32
  GET https://api.brasil.mercap.com.ar/bonds/f0f3dad8-8d2c-4184-999e-2377996b8c30 [200 OK, 12.12kB, 98ms]
  ✓  Status code is 200
  ✓  Body: 'links.self' presente

↳ Get all bond laws GS32
  GET https://api.brasil.mercap.com.ar/32/bond-laws [200 OK, 994B, 96ms]
  ✓  Status code is 200
  ✓  Body: 'items' es un array no vacio
  ✓  Body: cada item tiene nombre y self link
  ✓  Body: 'links.self' del response es un string

↳ Get Bond law UUID GS32
  GET https://api.brasil.mercap.com.ar/32/bond-laws/266ee9fb-5a72-4273-abdf-b41d012ec367 [200 OK, 851B, 149ms]
  ✓  Status code is 200
  ✓  Body: 'links.self' presente

↳ Get all debt types GS32
  GET https://api.brasil.mercap.com.ar/32/debt-types [200 OK, 1.53kB, 116ms]
  ✓  Status code is 200
  ✓  Body: 'items' es un array no vacio
  ✓  Body: cada item tiene nombre y self link
  ✓  Body: 'links.self' del response es un string

↳ Get debt Type UUID GS32
  GET https://api.brasil.mercap.com.ar/32/debt-types/9e01f1e4-5731-418d-8eab-97d6e873c969 [200 OK, 849B, 154ms]
  ✓  Status code is 200
  ✓  Body: 'links.self' presente

↳ Get all curencies GS32
  GET https://api.brasil.mercap.com.ar/32/currencies [200 OK, 1.06kB, 108ms]
  ✓  Status code is 200
  ✓  Body: 'items' es un array no vacio
  ✓  Body: cada item tiene nombre y self link
  ✓  Body: 'links.self' del response es un string

↳ Get currency UUID GS32
  GET https://api.brasil.mercap.com.ar/32/currencies/5e28e713-4c64-48b6-863e-a3227a6869da [200 OK, 888B, 157ms]
  ✓  Status code is 200
  ✓  Body: 'links.self' presente

↳ Get Finantial unit issuer GS32
  GET https://api.brasil.mercap.com.ar/32/instrument-issuers [200 OK, 68.89kB, 663ms]
  ✓  Status code is 200
  ✓  Body: 'items' es un array no vacio
  ✓  Body: cada item tiene nombre y self link
  ✓  Body: 'links.self' del response es un string

Iteration 20/30

↳ Get cashflow - many cupons - GS32
  POST https://api.brasil.mercap.com.ar/bond-payment-forecast [200 OK, 34.33kB, 223ms]
  ✓  Status code is 200
  ✓  Body: sin 'error' JSON-RPC
  ✓  Body: 'result' es un array no vacio
  ✓  Body: cada fila de cashflow tiene dueDate y coupon

↳ Get cashflow - few cupons - GS32
  POST https://api.brasil.mercap.com.ar/bond-payment-forecast [200 OK, 6.76kB, 113ms]
  ✓  Status code is 200
  ✓  Body: sin 'error' JSON-RPC
  ✓  Body: 'result' es un array no vacio
  ✓  Body: cada fila de cashflow tiene dueDate y coupon

↳ Get all bonds GS32
  GET https://api.brasil.mercap.com.ar/bonds?limit=50&start=1 [200 OK, 614.22kB, 1533ms]
  ✓  Status code is 200
  ✓  Body: 'items' es un array no vacio
  ✓  Body: cada item tiene nombre y self link
  ✓  Body: 'links.self' del response es un string

↳ Bond by UUID GS32
  GET https://api.brasil.mercap.com.ar/bonds/f0f3dad8-8d2c-4184-999e-2377996b8c30 [200 OK, 12.12kB, 174ms]
  ✓  Status code is 200
  ✓  Body: 'links.self' presente

↳ Get all bond laws GS32
  GET https://api.brasil.mercap.com.ar/32/bond-laws [200 OK, 1kB, 130ms]
  ✓  Status code is 200
  ✓  Body: 'items' es un array no vacio
  ✓  Body: cada item tiene nombre y self link
  ✓  Body: 'links.self' del response es un string

↳ Get Bond law UUID GS32
  GET https://api.brasil.mercap.com.ar/32/bond-laws/266ee9fb-5a72-4273-abdf-b41d012ec367 [200 OK, 843B, 125ms]
  ✓  Status code is 200
  ✓  Body: 'links.self' presente

↳ Get all debt types GS32
  GET https://api.brasil.mercap.com.ar/32/debt-types [200 OK, 1.53kB, 143ms]
  ✓  Status code is 200
  ✓  Body: 'items' es un array no vacio
  ✓  Body: cada item tiene nombre y self link
  ✓  Body: 'links.self' del response es un string

↳ Get debt Type UUID GS32
  GET https://api.brasil.mercap.com.ar/32/debt-types/9e01f1e4-5731-418d-8eab-97d6e873c969 [200 OK, 849B, 117ms]
  ✓  Status code is 200
  ✓  Body: 'links.self' presente

↳ Get all curencies GS32
  GET https://api.brasil.mercap.com.ar/32/currencies [200 OK, 1.06kB, 139ms]
  ✓  Status code is 200
  ✓  Body: 'items' es un array no vacio
  ✓  Body: cada item tiene nombre y self link
  ✓  Body: 'links.self' del response es un string

↳ Get currency UUID GS32
  GET https://api.brasil.mercap.com.ar/32/currencies/5e28e713-4c64-48b6-863e-a3227a6869da [200 OK, 880B, 118ms]
  ✓  Status code is 200
  ✓  Body: 'links.self' presente

↳ Get Finantial unit issuer GS32
  GET https://api.brasil.mercap.com.ar/32/instrument-issuers [200 OK, 68.88kB, 339ms]
  ✓  Status code is 200
  ✓  Body: 'items' es un array no vacio
  ✓  Body: cada item tiene nombre y self link
  ✓  Body: 'links.self' del response es un string

Iteration 21/30

↳ Get cashflow - many cupons - GS32
  POST https://api.brasil.mercap.com.ar/bond-payment-forecast [200 OK, 34.33kB, 242ms]
  ✓  Status code is 200
  ✓  Body: sin 'error' JSON-RPC
  ✓  Body: 'result' es un array no vacio
  ✓  Body: cada fila de cashflow tiene dueDate y coupon

↳ Get cashflow - few cupons - GS32
  POST https://api.brasil.mercap.com.ar/bond-payment-forecast [200 OK, 6.75kB, 84ms]
  ✓  Status code is 200
  ✓  Body: sin 'error' JSON-RPC
  ✓  Body: 'result' es un array no vacio
  ✓  Body: cada fila de cashflow tiene dueDate y coupon

↳ Get all bonds GS32
  GET https://api.brasil.mercap.com.ar/bonds?limit=50&start=1 [200 OK, 614.21kB, 2.7s]
  ✓  Status code is 200
  ✓  Body: 'items' es un array no vacio
  ✓  Body: cada item tiene nombre y self link
  ✓  Body: 'links.self' del response es un string

↳ Bond by UUID GS32
  GET https://api.brasil.mercap.com.ar/bonds/f0f3dad8-8d2c-4184-999e-2377996b8c30 [200 OK, 12.12kB, 82ms]
  ✓  Status code is 200
  ✓  Body: 'links.self' presente

↳ Get all bond laws GS32
  GET https://api.brasil.mercap.com.ar/32/bond-laws [200 OK, 994B, 92ms]
  ✓  Status code is 200
  ✓  Body: 'items' es un array no vacio
  ✓  Body: cada item tiene nombre y self link
  ✓  Body: 'links.self' del response es un string

↳ Get Bond law UUID GS32
  GET https://api.brasil.mercap.com.ar/32/bond-laws/266ee9fb-5a72-4273-abdf-b41d012ec367 [200 OK, 843B, 150ms]
  ✓  Status code is 200
  ✓  Body: 'links.self' presente

↳ Get all debt types GS32
  GET https://api.brasil.mercap.com.ar/32/debt-types [200 OK, 1.53kB, 116ms]
  ✓  Status code is 200
  ✓  Body: 'items' es un array no vacio
  ✓  Body: cada item tiene nombre y self link
  ✓  Body: 'links.self' del response es un string

↳ Get debt Type UUID GS32
  GET https://api.brasil.mercap.com.ar/32/debt-types/9e01f1e4-5731-418d-8eab-97d6e873c969 [200 OK, 845B, 144ms]
  ✓  Status code is 200
  ✓  Body: 'links.self' presente

↳ Get all curencies GS32
  GET https://api.brasil.mercap.com.ar/32/currencies [200 OK, 1.06kB, 118ms]
  ✓  Status code is 200
  ✓  Body: 'items' es un array no vacio
  ✓  Body: cada item tiene nombre y self link
  ✓  Body: 'links.self' del response es un string

↳ Get currency UUID GS32
  GET https://api.brasil.mercap.com.ar/32/currencies/5e28e713-4c64-48b6-863e-a3227a6869da [200 OK, 884B, 147ms]
  ✓  Status code is 200
  ✓  Body: 'links.self' presente

↳ Get Finantial unit issuer GS32
  GET https://api.brasil.mercap.com.ar/32/instrument-issuers [200 OK, 68.9kB, 323ms]
  ✓  Status code is 200
  ✓  Body: 'items' es un array no vacio
  ✓  Body: cada item tiene nombre y self link
  ✓  Body: 'links.self' del response es un string

Iteration 22/30

↳ Get cashflow - many cupons - GS32
  POST https://api.brasil.mercap.com.ar/bond-payment-forecast [200 OK, 34.32kB, 198ms]
  ✓  Status code is 200
  ✓  Body: sin 'error' JSON-RPC
  ✓  Body: 'result' es un array no vacio
  ✓  Body: cada fila de cashflow tiene dueDate y coupon

↳ Get cashflow - few cupons - GS32
  POST https://api.brasil.mercap.com.ar/bond-payment-forecast [200 OK, 6.76kB, 94ms]
  ✓  Status code is 200
  ✓  Body: sin 'error' JSON-RPC
  ✓  Body: 'result' es un array no vacio
  ✓  Body: cada fila de cashflow tiene dueDate y coupon

↳ Get all bonds GS32
  GET https://api.brasil.mercap.com.ar/bonds?limit=50&start=1 [200 OK, 614.21kB, 1543ms]
  ✓  Status code is 200
  ✓  Body: 'items' es un array no vacio
  ✓  Body: cada item tiene nombre y self link
  ✓  Body: 'links.self' del response es un string

↳ Bond by UUID GS32
  GET https://api.brasil.mercap.com.ar/bonds/f0f3dad8-8d2c-4184-999e-2377996b8c30 [200 OK, 12.13kB, 151ms]
  ✓  Status code is 200
  ✓  Body: 'links.self' presente

↳ Get all bond laws GS32
  GET https://api.brasil.mercap.com.ar/32/bond-laws [200 OK, 992B, 133ms]
  ✓  Status code is 200
  ✓  Body: 'items' es un array no vacio
  ✓  Body: cada item tiene nombre y self link
  ✓  Body: 'links.self' del response es un string

↳ Get Bond law UUID GS32
  GET https://api.brasil.mercap.com.ar/32/bond-laws/266ee9fb-5a72-4273-abdf-b41d012ec367 [200 OK, 849B, 116ms]
  ✓  Status code is 200
  ✓  Body: 'links.self' presente

↳ Get all debt types GS32
  GET https://api.brasil.mercap.com.ar/32/debt-types [200 OK, 1.54kB, 143ms]
  ✓  Status code is 200
  ✓  Body: 'items' es un array no vacio
  ✓  Body: cada item tiene nombre y self link
  ✓  Body: 'links.self' del response es un string

↳ Get debt Type UUID GS32
  GET https://api.brasil.mercap.com.ar/32/debt-types/9e01f1e4-5731-418d-8eab-97d6e873c969 [200 OK, 843B, 115ms]
  ✓  Status code is 200
  ✓  Body: 'links.self' presente

↳ Get all curencies GS32
  GET https://api.brasil.mercap.com.ar/32/currencies [200 OK, 1.06kB, 144ms]
  ✓  Status code is 200
  ✓  Body: 'items' es un array no vacio
  ✓  Body: cada item tiene nombre y self link
  ✓  Body: 'links.self' del response es un string

↳ Get currency UUID GS32
  GET https://api.brasil.mercap.com.ar/32/currencies/5e28e713-4c64-48b6-863e-a3227a6869da [200 OK, 872B, 119ms]
  ✓  Status code is 200
  ✓  Body: 'links.self' presente

↳ Get Finantial unit issuer GS32
  GET https://api.brasil.mercap.com.ar/32/instrument-issuers [200 OK, 68.89kB, 736ms]
  ✓  Status code is 200
  ✓  Body: 'items' es un array no vacio
  ✓  Body: cada item tiene nombre y self link
  ✓  Body: 'links.self' del response es un string

Iteration 23/30

↳ Get cashflow - many cupons - GS32
  POST https://api.brasil.mercap.com.ar/bond-payment-forecast [200 OK, 34.33kB, 194ms]
  ✓  Status code is 200
  ✓  Body: sin 'error' JSON-RPC
  ✓  Body: 'result' es un array no vacio
  ✓  Body: cada fila de cashflow tiene dueDate y coupon

↳ Get cashflow - few cupons - GS32
  POST https://api.brasil.mercap.com.ar/bond-payment-forecast [200 OK, 6.76kB, 138ms]
  ✓  Status code is 200
  ✓  Body: sin 'error' JSON-RPC
  ✓  Body: 'result' es un array no vacio
  ✓  Body: cada fila de cashflow tiene dueDate y coupon

↳ Get all bonds GS32
  GET https://api.brasil.mercap.com.ar/bonds?limit=50&start=1 [200 OK, 614.21kB, 5.9s]
  ✓  Status code is 200
  ✓  Body: 'items' es un array no vacio
  ✓  Body: cada item tiene nombre y self link
  ✓  Body: 'links.self' del response es un string

↳ Bond by UUID GS32
  GET https://api.brasil.mercap.com.ar/bonds/f0f3dad8-8d2c-4184-999e-2377996b8c30 [200 OK, 12.11kB, 104ms]
  ✓  Status code is 200
  ✓  Body: 'links.self' presente

↳ Get all bond laws GS32
  GET https://api.brasil.mercap.com.ar/32/bond-laws [200 OK, 990B, 99ms]
  ✓  Status code is 200
  ✓  Body: 'items' es un array no vacio
  ✓  Body: cada item tiene nombre y self link
  ✓  Body: 'links.self' del response es un string

↳ Get Bond law UUID GS32
  GET https://api.brasil.mercap.com.ar/32/bond-laws/266ee9fb-5a72-4273-abdf-b41d012ec367 [200 OK, 843B, 159ms]
  ✓  Status code is 200
  ✓  Body: 'links.self' presente

↳ Get all debt types GS32
  GET https://api.brasil.mercap.com.ar/32/debt-types [200 OK, 1.54kB, 107ms]
  ✓  Status code is 200
  ✓  Body: 'items' es un array no vacio
  ✓  Body: cada item tiene nombre y self link
  ✓  Body: 'links.self' del response es un string

↳ Get debt Type UUID GS32
  GET https://api.brasil.mercap.com.ar/32/debt-types/9e01f1e4-5731-418d-8eab-97d6e873c969 [200 OK, 849B, 166ms]
  ✓  Status code is 200
  ✓  Body: 'links.self' presente

↳ Get all curencies GS32
  GET https://api.brasil.mercap.com.ar/32/currencies [200 OK, 1.06kB, 93ms]
  ✓  Status code is 200
  ✓  Body: 'items' es un array no vacio
  ✓  Body: cada item tiene nombre y self link
  ✓  Body: 'links.self' del response es un string

↳ Get currency UUID GS32
  GET https://api.brasil.mercap.com.ar/32/currencies/5e28e713-4c64-48b6-863e-a3227a6869da [200 OK, 886B, 149ms]
  ✓  Status code is 200
  ✓  Body: 'links.self' presente

↳ Get Finantial unit issuer GS32
  GET https://api.brasil.mercap.com.ar/32/instrument-issuers [200 OK, 68.88kB, 810ms]
  ✓  Status code is 200
  ✓  Body: 'items' es un array no vacio
  ✓  Body: cada item tiene nombre y self link
  ✓  Body: 'links.self' del response es un string

Iteration 24/30

↳ Get cashflow - many cupons - GS32
  POST https://api.brasil.mercap.com.ar/bond-payment-forecast [200 OK, 34.33kB, 199ms]
  ✓  Status code is 200
  ✓  Body: sin 'error' JSON-RPC
  ✓  Body: 'result' es un array no vacio
  ✓  Body: cada fila de cashflow tiene dueDate y coupon

↳ Get cashflow - few cupons - GS32
  POST https://api.brasil.mercap.com.ar/bond-payment-forecast [200 OK, 6.76kB, 99ms]
  ✓  Status code is 200
  ✓  Body: sin 'error' JSON-RPC
  ✓  Body: 'result' es un array no vacio
  ✓  Body: cada fila de cashflow tiene dueDate y coupon

↳ Get all bonds GS32
  GET https://api.brasil.mercap.com.ar/bonds?limit=50&start=1 [200 OK, 614.21kB, 5s]
  ✓  Status code is 200
  ✓  Body: 'items' es un array no vacio
  ✓  Body: cada item tiene nombre y self link
  ✓  Body: 'links.self' del response es un string

↳ Bond by UUID GS32
  GET https://api.brasil.mercap.com.ar/bonds/f0f3dad8-8d2c-4184-999e-2377996b8c30 [200 OK, 12.12kB, 172ms]
  ✓  Status code is 200
  ✓  Body: 'links.self' presente

↳ Get all bond laws GS32
  GET https://api.brasil.mercap.com.ar/32/bond-laws [200 OK, 990B, 130ms]
  ✓  Status code is 200
  ✓  Body: 'items' es un array no vacio
  ✓  Body: cada item tiene nombre y self link
  ✓  Body: 'links.self' del response es un string

↳ Get Bond law UUID GS32
  GET https://api.brasil.mercap.com.ar/32/bond-laws/266ee9fb-5a72-4273-abdf-b41d012ec367 [200 OK, 841B, 128ms]
  ✓  Status code is 200
  ✓  Body: 'links.self' presente

↳ Get all debt types GS32
  GET https://api.brasil.mercap.com.ar/32/debt-types [200 OK, 1.53kB, 136ms]
  ✓  Status code is 200
  ✓  Body: 'items' es un array no vacio
  ✓  Body: cada item tiene nombre y self link
  ✓  Body: 'links.self' del response es un string

↳ Get debt Type UUID GS32
  GET https://api.brasil.mercap.com.ar/32/debt-types/9e01f1e4-5731-418d-8eab-97d6e873c969 [200 OK, 853B, 119ms]
  ✓  Status code is 200
  ✓  Body: 'links.self' presente

↳ Get all curencies GS32
  GET https://api.brasil.mercap.com.ar/32/currencies [200 OK, 1.06kB, 141ms]
  ✓  Status code is 200
  ✓  Body: 'items' es un array no vacio
  ✓  Body: cada item tiene nombre y self link
  ✓  Body: 'links.self' del response es un string

↳ Get currency UUID GS32
  GET https://api.brasil.mercap.com.ar/32/currencies/5e28e713-4c64-48b6-863e-a3227a6869da [200 OK, 880B, 120ms]
  ✓  Status code is 200
  ✓  Body: 'links.self' presente

↳ Get Finantial unit issuer GS32
  GET https://api.brasil.mercap.com.ar/32/instrument-issuers [200 OK, 68.88kB, 331ms]
  ✓  Status code is 200
  ✓  Body: 'items' es un array no vacio
  ✓  Body: cada item tiene nombre y self link
  ✓  Body: 'links.self' del response es un string

Iteration 25/30

↳ Get cashflow - many cupons - GS32
  POST https://api.brasil.mercap.com.ar/bond-payment-forecast [200 OK, 34.33kB, 232ms]
  ✓  Status code is 200
  ✓  Body: sin 'error' JSON-RPC
  ✓  Body: 'result' es un array no vacio
  ✓  Body: cada fila de cashflow tiene dueDate y coupon

↳ Get cashflow - few cupons - GS32
  POST https://api.brasil.mercap.com.ar/bond-payment-forecast [200 OK, 6.75kB, 109ms]
  ✓  Status code is 200
  ✓  Body: sin 'error' JSON-RPC
  ✓  Body: 'result' es un array no vacio
  ✓  Body: cada fila de cashflow tiene dueDate y coupon

↳ Get all bonds GS32
  GET https://api.brasil.mercap.com.ar/bonds?limit=50&start=1 [200 OK, 614.21kB, 6.3s]
  ✓  Status code is 200
  ✓  Body: 'items' es un array no vacio
  ✓  Body: cada item tiene nombre y self link
  ✓  Body: 'links.self' del response es un string

↳ Bond by UUID GS32
  GET https://api.brasil.mercap.com.ar/bonds/f0f3dad8-8d2c-4184-999e-2377996b8c30 [200 OK, 12.12kB, 178ms]
  ✓  Status code is 200
  ✓  Body: 'links.self' presente

↳ Get all bond laws GS32
  GET https://api.brasil.mercap.com.ar/32/bond-laws [200 OK, 994B, 108ms]
  ✓  Status code is 200
  ✓  Body: 'items' es un array no vacio
  ✓  Body: cada item tiene nombre y self link
  ✓  Body: 'links.self' del response es un string

↳ Get Bond law UUID GS32
  GET https://api.brasil.mercap.com.ar/32/bond-laws/266ee9fb-5a72-4273-abdf-b41d012ec367 [200 OK, 843B, 138ms]
  ✓  Status code is 200
  ✓  Body: 'links.self' presente

↳ Get all debt types GS32
  GET https://api.brasil.mercap.com.ar/32/debt-types [200 OK, 1.53kB, 131ms]
  ✓  Status code is 200
  ✓  Body: 'items' es un array no vacio
  ✓  Body: cada item tiene nombre y self link
  ✓  Body: 'links.self' del response es un string

↳ Get debt Type UUID GS32
  GET https://api.brasil.mercap.com.ar/32/debt-types/9e01f1e4-5731-418d-8eab-97d6e873c969 [200 OK, 857B, 132ms]
  ✓  Status code is 200
  ✓  Body: 'links.self' presente

↳ Get all curencies GS32
  GET https://api.brasil.mercap.com.ar/32/currencies [200 OK, 1.06kB, 117ms]
  ✓  Status code is 200
  ✓  Body: 'items' es un array no vacio
  ✓  Body: cada item tiene nombre y self link
  ✓  Body: 'links.self' del response es un string

↳ Get currency UUID GS32
  GET https://api.brasil.mercap.com.ar/32/currencies/5e28e713-4c64-48b6-863e-a3227a6869da [200 OK, 882B, 140ms]
  ✓  Status code is 200
  ✓  Body: 'links.self' presente

↳ Get Finantial unit issuer GS32
  GET https://api.brasil.mercap.com.ar/32/instrument-issuers [200 OK, 68.88kB, 283ms]
  ✓  Status code is 200
  ✓  Body: 'items' es un array no vacio
  ✓  Body: cada item tiene nombre y self link
  ✓  Body: 'links.self' del response es un string

Iteration 26/30

↳ Get cashflow - many cupons - GS32
  POST https://api.brasil.mercap.com.ar/bond-payment-forecast [200 OK, 34.33kB, 234ms]
  ✓  Status code is 200
  ✓  Body: sin 'error' JSON-RPC
  ✓  Body: 'result' es un array no vacio
  ✓  Body: cada fila de cashflow tiene dueDate y coupon

↳ Get cashflow - few cupons - GS32
  POST https://api.brasil.mercap.com.ar/bond-payment-forecast [200 OK, 6.76kB, 95ms]
  ✓  Status code is 200
  ✓  Body: sin 'error' JSON-RPC
  ✓  Body: 'result' es un array no vacio
  ✓  Body: cada fila de cashflow tiene dueDate y coupon

↳ Get all bonds GS32
  GET https://api.brasil.mercap.com.ar/bonds?limit=50&start=1 [200 OK, 614.21kB, 1765ms]
  ✓  Status code is 200
  ✓  Body: 'items' es un array no vacio
  ✓  Body: cada item tiene nombre y self link
  ✓  Body: 'links.self' del response es un string

↳ Bond by UUID GS32
  GET https://api.brasil.mercap.com.ar/bonds/f0f3dad8-8d2c-4184-999e-2377996b8c30 [200 OK, 12.13kB, 143ms]
  ✓  Status code is 200
  ✓  Body: 'links.self' presente

↳ Get all bond laws GS32
  GET https://api.brasil.mercap.com.ar/32/bond-laws [200 OK, 988B, 125ms]
  ✓  Status code is 200
  ✓  Body: 'items' es un array no vacio
  ✓  Body: cada item tiene nombre y self link
  ✓  Body: 'links.self' del response es un string

↳ Get Bond law UUID GS32
  GET https://api.brasil.mercap.com.ar/32/bond-laws/266ee9fb-5a72-4273-abdf-b41d012ec367 [200 OK, 851B, 128ms]
  ✓  Status code is 200
  ✓  Body: 'links.self' presente

↳ Get all debt types GS32
  GET https://api.brasil.mercap.com.ar/32/debt-types [200 OK, 1.52kB, 138ms]
  ✓  Status code is 200
  ✓  Body: 'items' es un array no vacio
  ✓  Body: cada item tiene nombre y self link
  ✓  Body: 'links.self' del response es un string

↳ Get debt Type UUID GS32
  GET https://api.brasil.mercap.com.ar/32/debt-types/9e01f1e4-5731-418d-8eab-97d6e873c969 [200 OK, 853B, 133ms]
  ✓  Status code is 200
  ✓  Body: 'links.self' presente

↳ Get all curencies GS32
  GET https://api.brasil.mercap.com.ar/32/currencies [200 OK, 1.05kB, 115ms]
  ✓  Status code is 200
  ✓  Body: 'items' es un array no vacio
  ✓  Body: cada item tiene nombre y self link
  ✓  Body: 'links.self' del response es un string

↳ Get currency UUID GS32
  GET https://api.brasil.mercap.com.ar/32/currencies/5e28e713-4c64-48b6-863e-a3227a6869da [200 OK, 876B, 236ms]
  ✓  Status code is 200
  ✓  Body: 'links.self' presente

↳ Get Finantial unit issuer GS32
  GET https://api.brasil.mercap.com.ar/32/instrument-issuers [200 OK, 68.9kB, 298ms]
  ✓  Status code is 200
  ✓  Body: 'items' es un array no vacio
  ✓  Body: cada item tiene nombre y self link
  ✓  Body: 'links.self' del response es un string

Iteration 27/30

↳ Get cashflow - many cupons - GS32
  POST https://api.brasil.mercap.com.ar/bond-payment-forecast [200 OK, 34.32kB, 134ms]
  ✓  Status code is 200
  ✓  Body: sin 'error' JSON-RPC
  ✓  Body: 'result' es un array no vacio
  ✓  Body: cada fila de cashflow tiene dueDate y coupon

↳ Get cashflow - few cupons - GS32
  POST https://api.brasil.mercap.com.ar/bond-payment-forecast [200 OK, 6.76kB, 131ms]
  ✓  Status code is 200
  ✓  Body: sin 'error' JSON-RPC
  ✓  Body: 'result' es un array no vacio
  ✓  Body: cada fila de cashflow tiene dueDate y coupon

↳ Get all bonds GS32
  GET https://api.brasil.mercap.com.ar/bonds?limit=50&start=1 [200 OK, 614.23kB, 5.1s]
  ✓  Status code is 200
  ✓  Body: 'items' es un array no vacio
  ✓  Body: cada item tiene nombre y self link
  ✓  Body: 'links.self' del response es un string

↳ Bond by UUID GS32
  GET https://api.brasil.mercap.com.ar/bonds/f0f3dad8-8d2c-4184-999e-2377996b8c30 [200 OK, 12.12kB, 184ms]
  ✓  Status code is 200
  ✓  Body: 'links.self' presente

↳ Get all bond laws GS32
  GET https://api.brasil.mercap.com.ar/32/bond-laws [200 OK, 988B, 126ms]
  ✓  Status code is 200
  ✓  Body: 'items' es un array no vacio
  ✓  Body: cada item tiene nombre y self link
  ✓  Body: 'links.self' del response es un string

↳ Get Bond law UUID GS32
  GET https://api.brasil.mercap.com.ar/32/bond-laws/266ee9fb-5a72-4273-abdf-b41d012ec367 [200 OK, 851B, 111ms]
  ✓  Status code is 200
  ✓  Body: 'links.self' presente

↳ Get all debt types GS32
  GET https://api.brasil.mercap.com.ar/32/debt-types [200 OK, 1.53kB, 141ms]
  ✓  Status code is 200
  ✓  Body: 'items' es un array no vacio
  ✓  Body: cada item tiene nombre y self link
  ✓  Body: 'links.self' del response es un string

↳ Get debt Type UUID GS32
  GET https://api.brasil.mercap.com.ar/32/debt-types/9e01f1e4-5731-418d-8eab-97d6e873c969 [200 OK, 851B, 122ms]
  ✓  Status code is 200
  ✓  Body: 'links.self' presente

↳ Get all curencies GS32
  GET https://api.brasil.mercap.com.ar/32/currencies [200 OK, 1.06kB, 138ms]
  ✓  Status code is 200
  ✓  Body: 'items' es un array no vacio
  ✓  Body: cada item tiene nombre y self link
  ✓  Body: 'links.self' del response es un string

↳ Get currency UUID GS32
  GET https://api.brasil.mercap.com.ar/32/currencies/5e28e713-4c64-48b6-863e-a3227a6869da [200 OK, 874B, 131ms]
  ✓  Status code is 200
  ✓  Body: 'links.self' presente

↳ Get Finantial unit issuer GS32
  GET https://api.brasil.mercap.com.ar/32/instrument-issuers [200 OK, 68.89kB, 719ms]
  ✓  Status code is 200
  ✓  Body: 'items' es un array no vacio
  ✓  Body: cada item tiene nombre y self link
  ✓  Body: 'links.self' del response es un string

Iteration 28/30

↳ Get cashflow - many cupons - GS32
  POST https://api.brasil.mercap.com.ar/bond-payment-forecast [200 OK, 34.33kB, 321ms]
  ✓  Status code is 200
  ✓  Body: sin 'error' JSON-RPC
  ✓  Body: 'result' es un array no vacio
  ✓  Body: cada fila de cashflow tiene dueDate y coupon

↳ Get cashflow - few cupons - GS32
  POST https://api.brasil.mercap.com.ar/bond-payment-forecast [200 OK, 6.75kB, 188ms]
  ✓  Status code is 200
  ✓  Body: sin 'error' JSON-RPC
  ✓  Body: 'result' es un array no vacio
  ✓  Body: cada fila de cashflow tiene dueDate y coupon

↳ Get all bonds GS32
  GET https://api.brasil.mercap.com.ar/bonds?limit=50&start=1 [200 OK, 614.21kB, 1196ms]
  ✓  Status code is 200
  ✓  Body: 'items' es un array no vacio
  ✓  Body: cada item tiene nombre y self link
  ✓  Body: 'links.self' del response es un string

↳ Bond by UUID GS32
  GET https://api.brasil.mercap.com.ar/bonds/f0f3dad8-8d2c-4184-999e-2377996b8c30 [200 OK, 12.12kB, 91ms]
  ✓  Status code is 200
  ✓  Body: 'links.self' presente

↳ Get all bond laws GS32
  GET https://api.brasil.mercap.com.ar/32/bond-laws [200 OK, 998B, 110ms]
  ✓  Status code is 200
  ✓  Body: 'items' es un array no vacio
  ✓  Body: cada item tiene nombre y self link
  ✓  Body: 'links.self' del response es un string

↳ Get Bond law UUID GS32
  GET https://api.brasil.mercap.com.ar/32/bond-laws/266ee9fb-5a72-4273-abdf-b41d012ec367 [200 OK, 845B, 136ms]
  ✓  Status code is 200
  ✓  Body: 'links.self' presente

↳ Get all debt types GS32
  GET https://api.brasil.mercap.com.ar/32/debt-types [200 OK, 1.53kB, 119ms]
  ✓  Status code is 200
  ✓  Body: 'items' es un array no vacio
  ✓  Body: cada item tiene nombre y self link
  ✓  Body: 'links.self' del response es un string

↳ Get debt Type UUID GS32
  GET https://api.brasil.mercap.com.ar/32/debt-types/9e01f1e4-5731-418d-8eab-97d6e873c969 [200 OK, 849B, 140ms]
  ✓  Status code is 200
  ✓  Body: 'links.self' presente

↳ Get all curencies GS32
  GET https://api.brasil.mercap.com.ar/32/currencies [200 OK, 1.06kB, 123ms]
  ✓  Status code is 200
  ✓  Body: 'items' es un array no vacio
  ✓  Body: cada item tiene nombre y self link
  ✓  Body: 'links.self' del response es un string

↳ Get currency UUID GS32
  GET https://api.brasil.mercap.com.ar/32/currencies/5e28e713-4c64-48b6-863e-a3227a6869da [200 OK, 876B, 138ms]
  ✓  Status code is 200
  ✓  Body: 'links.self' presente

↳ Get Finantial unit issuer GS32
  GET https://api.brasil.mercap.com.ar/32/instrument-issuers [200 OK, 68.9kB, 678ms]
  ✓  Status code is 200
  ✓  Body: 'items' es un array no vacio
  ✓  Body: cada item tiene nombre y self link
  ✓  Body: 'links.self' del response es un string

Iteration 29/30

↳ Get cashflow - many cupons - GS32
  POST https://api.brasil.mercap.com.ar/bond-payment-forecast [200 OK, 34.33kB, 222ms]
  ✓  Status code is 200
  ✓  Body: sin 'error' JSON-RPC
  ✓  Body: 'result' es un array no vacio
  ✓  Body: cada fila de cashflow tiene dueDate y coupon

↳ Get cashflow - few cupons - GS32
  POST https://api.brasil.mercap.com.ar/bond-payment-forecast [200 OK, 6.76kB, 322ms]
  ✓  Status code is 200
  ✓  Body: sin 'error' JSON-RPC
  ✓  Body: 'result' es un array no vacio
  ✓  Body: cada fila de cashflow tiene dueDate y coupon

↳ Get all bonds GS32
  GET https://api.brasil.mercap.com.ar/bonds?limit=50&start=1 [200 OK, 614.22kB, 5.6s]
  ✓  Status code is 200
  ✓  Body: 'items' es un array no vacio
  ✓  Body: cada item tiene nombre y self link
  ✓  Body: 'links.self' del response es un string

↳ Bond by UUID GS32
  GET https://api.brasil.mercap.com.ar/bonds/f0f3dad8-8d2c-4184-999e-2377996b8c30 [200 OK, 12.13kB, 125ms]
  ✓  Status code is 200
  ✓  Body: 'links.self' presente

↳ Get all bond laws GS32
  GET https://api.brasil.mercap.com.ar/32/bond-laws [200 OK, 992B, 123ms]
  ✓  Status code is 200
  ✓  Body: 'items' es un array no vacio
  ✓  Body: cada item tiene nombre y self link
  ✓  Body: 'links.self' del response es un string

↳ Get Bond law UUID GS32
  GET https://api.brasil.mercap.com.ar/32/bond-laws/266ee9fb-5a72-4273-abdf-b41d012ec367 [200 OK, 853B, 122ms]
  ✓  Status code is 200
  ✓  Body: 'links.self' presente

↳ Get all debt types GS32
  GET https://api.brasil.mercap.com.ar/32/debt-types [200 OK, 1.54kB, 145ms]
  ✓  Status code is 200
  ✓  Body: 'items' es un array no vacio
  ✓  Body: cada item tiene nombre y self link
  ✓  Body: 'links.self' del response es un string

↳ Get debt Type UUID GS32
  GET https://api.brasil.mercap.com.ar/32/debt-types/9e01f1e4-5731-418d-8eab-97d6e873c969 [200 OK, 851B, 120ms]
  ✓  Status code is 200
  ✓  Body: 'links.self' presente

↳ Get all curencies GS32
  GET https://api.brasil.mercap.com.ar/32/currencies [200 OK, 1.06kB, 130ms]
  ✓  Status code is 200
  ✓  Body: 'items' es un array no vacio
  ✓  Body: cada item tiene nombre y self link
  ✓  Body: 'links.self' del response es un string

↳ Get currency UUID GS32
  GET https://api.brasil.mercap.com.ar/32/currencies/5e28e713-4c64-48b6-863e-a3227a6869da [200 OK, 874B, 179ms]
  ✓  Status code is 200
  ✓  Body: 'links.self' presente

↳ Get Finantial unit issuer GS32
  GET https://api.brasil.mercap.com.ar/32/instrument-issuers [200 OK, 68.89kB, 410ms]
  ✓  Status code is 200
  ✓  Body: 'items' es un array no vacio
  ✓  Body: cada item tiene nombre y self link
  ✓  Body: 'links.self' del response es un string

Iteration 30/30

↳ Get cashflow - many cupons - GS32
  POST https://api.brasil.mercap.com.ar/bond-payment-forecast [200 OK, 34.32kB, 315ms]
  ✓  Status code is 200
  ✓  Body: sin 'error' JSON-RPC
  ✓  Body: 'result' es un array no vacio
  ✓  Body: cada fila de cashflow tiene dueDate y coupon

↳ Get cashflow - few cupons - GS32
  POST https://api.brasil.mercap.com.ar/bond-payment-forecast [200 OK, 6.76kB, 180ms]
  ✓  Status code is 200
  ✓  Body: sin 'error' JSON-RPC
  ✓  Body: 'result' es un array no vacio
  ✓  Body: cada fila de cashflow tiene dueDate y coupon

↳ Get all bonds GS32
  GET https://api.brasil.mercap.com.ar/bonds?limit=50&start=1 [200 OK, 614.2kB, 6s]
  ✓  Status code is 200
  ✓  Body: 'items' es un array no vacio
  ✓  Body: cada item tiene nombre y self link
  ✓  Body: 'links.self' del response es un string

↳ Bond by UUID GS32
  GET https://api.brasil.mercap.com.ar/bonds/f0f3dad8-8d2c-4184-999e-2377996b8c30 [200 OK, 12.12kB, 153ms]
  ✓  Status code is 200
  ✓  Body: 'links.self' presente

↳ Get all bond laws GS32
  GET https://api.brasil.mercap.com.ar/32/bond-laws [200 OK, 992B, 118ms]
  ✓  Status code is 200
  ✓  Body: 'items' es un array no vacio
  ✓  Body: cada item tiene nombre y self link
  ✓  Body: 'links.self' del response es un string

↳ Get Bond law UUID GS32
  GET https://api.brasil.mercap.com.ar/32/bond-laws/266ee9fb-5a72-4273-abdf-b41d012ec367 [200 OK, 851B, 129ms]
  ✓  Status code is 200
  ✓  Body: 'links.self' presente

↳ Get all debt types GS32
  GET https://api.brasil.mercap.com.ar/32/debt-types [200 OK, 1.54kB, 139ms]
  ✓  Status code is 200
  ✓  Body: 'items' es un array no vacio
  ✓  Body: cada item tiene nombre y self link
  ✓  Body: 'links.self' del response es un string

↳ Get debt Type UUID GS32
  GET https://api.brasil.mercap.com.ar/32/debt-types/9e01f1e4-5731-418d-8eab-97d6e873c969 [200 OK, 847B, 125ms]
  ✓  Status code is 200
  ✓  Body: 'links.self' presente

↳ Get all curencies GS32
  GET https://api.brasil.mercap.com.ar/32/currencies [200 OK, 1.06kB, 149ms]
  ✓  Status code is 200
  ✓  Body: 'items' es un array no vacio
  ✓  Body: cada item tiene nombre y self link
  ✓  Body: 'links.self' del response es un string

↳ Get currency UUID GS32
  GET https://api.brasil.mercap.com.ar/32/currencies/5e28e713-4c64-48b6-863e-a3227a6869da [200 OK, 880B, 109ms]
  ✓  Status code is 200
  ✓  Body: 'links.self' presente

↳ Get Finantial unit issuer GS32
  GET https://api.brasil.mercap.com.ar/32/instrument-issuers [200 OK, 68.88kB, 749ms]
  ✓  Status code is 200
  ✓  Body: 'items' es un array no vacio
  ✓  Body: cada item tiene nombre y self link
  ✓  Body: 'links.self' del response es un string

┌─────────────────────────┬────────────────────┬────────────────────┐
│                         │           executed │             failed │
├─────────────────────────┼────────────────────┼────────────────────┤
│              iterations │                 30 │                  0 │
├─────────────────────────┼────────────────────┼────────────────────┤
│                requests │                330 │                  0 │
├─────────────────────────┼────────────────────┼────────────────────┤
│            test-scripts │                660 │                  0 │
├─────────────────────────┼────────────────────┼────────────────────┤
│      prerequest-scripts │                720 │                  0 │
├─────────────────────────┼────────────────────┼────────────────────┤
│              assertions │               1080 │                  0 │
├─────────────────────────┴────────────────────┴────────────────────┤
│ total run duration: 2m 48.8s                                      │
├───────────────────────────────────────────────────────────────────┤
│ total data received: 22.05MB (approx)                             │
├───────────────────────────────────────────────────────────────────┤
│ average response time: 476ms [min: 74ms, max: 6.7s, s.d.: 1155ms] │
└───────────────────────────────────────────────────────────────────┘
